EXP-021 | calibration site: rebuilding EXP-019 legs
  [S0 v] drift gate RD03/nac.m1271742202lc: 253 vs recorded 253 -> MET
  [C] RD03/nac.m1271742202lc         B1   253 B4L   477 agree 0.088 tier A
  [C] RD03/nac.m1335207975rc         B1     6 B4L   428 agree 1.27 tier B
  [C] RD03/nac.m1452560468lc         B1    10 B4L   316 agree 0.683 tier B
  [C] RD03/nac.m1182331886lc         B1   739 B4L   663 agree 0.03 tier A
D:\MyData\downloads\SIH\src\siim\preprocessing\degrade.py:76: RuntimeWarning: Mean of empty slice
  return np.nanmean(a.reshape(a.shape[0] // k, k, a.shape[1] // k, k), axis=(1, 3))
  [C] RD03/nac.m1236465772rc         B1    13 B4L   713 agree 0.741 tier B
  [C] RD03/nac.m1212932972lc         B1   577 B4L   512 agree 0.031 tier A
  [C] RD03/nac.m1205872034rc         B1     3 B4L     3 agree 4179.633 tier -
  [C] RD03/nac.m1175268993rc         B1     4 B4L   778 agree 1.565 tier B
  [C] RD03/nac.m1363396554rc         B1   345 B4L   502 agree 0.054 tier A
  [C] RD03/nac.m1199981485rc         B1    25 B4L   644 agree 0.513 tier B
  [C] RD03/nac.m1096350825rc         B1     3 B4L     3 agree 3180.468 tier -
  [C] RD03/nac.m1142297886lc         B1     3 B4L     3 agree 1511.973 tier -
  [C] RD04/nac.m1271742202lc         B1   268 B4L   414 agree 0.093 tier A
  [C] RD04/nac.m1335207975rc         B1     8 B4L   381 agree 1.318 tier B
  [C] RD04/nac.m1299958135lc         B1    91 B4L   472 agree 0.131 tier A
  [C] RD04/nac.m1315225542lc         B1    96 B4L   370 agree 0.218 tier A
  [C] RD04/nac.m1341069775rc         B1     3 B4L   360 agree 237.44 tier B
  [C] RD04/nac.m1212932972lc         B1   474 B4L   542 agree 0.038 tier A
  [C] RD04/nac.m1363396554rc         B1   195 B4L   481 agree 0.038 tier A
  [C] RD04/nac.m1096350825rc         B1     3 B4L     3 agree 1946.205 tier -
  [S3] RD03 m1182331886l->m1199981485rc median 0.653 ref px (5.50 m)
  [S3] RD03 m1182331886l->m1212932972lc median 0.136 ref px (1.14 m)
  [S3] RD03 m1212932972l->m1199981485rc median 0.839 ref px (7.07 m)
  [S3] RD03 m1212932972l->m1363396554rc median 0.211 ref px (1.78 m)
  [S3] RD03 m1212932972l->m1452560468lc median 0.510 ref px (4.29 m)
  [S3] RD03 m1236465772r->m1199981485rc median 21.047 ref px (177.28 m)
  [S3] RD03 m1271742202l->m1182331886lc median 0.287 ref px (2.42 m)
  [S3] RD03 m1271742202l->m1212932972lc median 0.266 ref px (2.24 m)
  [S3] RD03 m1271742202l->m1452560468lc median 0.433 ref px (3.65 m)
  [S3] RD04 m1212932972l->m1363396554rc median 0.243 ref px (2.05 m)
  [S3] RD04 m1271742202l->m1212932972lc median 0.244 ref px (2.05 m)
  [S3] RD04 m1299958135l->m1212932972lc median 0.413 ref px (3.48 m)
  [S3] RD04 m1299958135l->m1271742202lc median 0.222 ref px (1.87 m)
  [S3] RD04 m1299958135l->m1315225542lc median 0.146 ref px (1.23 m)
  [S3] RD04 m1299958135l->m1363396554rc median 0.393 ref px (3.31 m)
  [S3] RD04 m1315225542l->m1212932972lc median 0.259 ref px (2.18 m)
  [S3] RD04 m1315225542l->m1271742202lc median 0.077 ref px (0.65 m)
  [S0 i] 17 pairs, max |diff| inf px -> MET

== validation site: legs against exp021_tc_ortho_ref_block.json ==
  [S0 iv] corners 0.0008 px, round trip 6.66e-16 deg -> MET
EXIT 127
