nac.m1177606647lc: inc 16.21 lines [13535, 17631) samples [233, 2281)  41.5 MB
        16.8/41.5 MB (12s)
        33.6/41.5 MB (23s)
        41.5/41.5 MB (29s)
   (4096, 2048) sha256=5bac10037a8c37eb... DN median 1674.0 (29s)

nac.m1282310415lc: inc 29.45 lines [23167, 27263) samples [600, 2648)  41.5 MB
        16.8/41.5 MB (12s)
        33.6/41.5 MB (23s)
        41.5/41.5 MB (29s)
   (4096, 2048) sha256=d18e5fae5a14938e... DN median 1313.0 (29s)

nac.m1121081627rc: inc 40.06 lines [24255, 28351) samples [1267, 3315)  41.5 MB
        16.8/41.5 MB (12s)
        33.6/41.5 MB (23s)
        41.5/41.5 MB (28s)
   (4096, 2048) sha256=9e7450e215d28f3b... DN median 1096.0 (28s)

nac.m1190561570lc: inc 44.94 lines [21898, 25994) samples [1960, 4008)  41.5 MB
        16.8/41.5 MB (12s)
        33.6/41.5 MB (23s)
        41.5/41.5 MB (29s)
   (4096, 2048) sha256=bb2f967e3e98121e... DN median 939.0 (29s)

nac.m1157600009rc: inc 73.64 lines [26444, 30540) samples [12, 2060)  41.5 MB
        16.8/41.5 MB (11s)
        33.6/41.5 MB (23s)
        41.5/41.5 MB (28s)
   (4096, 2048) sha256=600f5734bbfd9872... DN median 324.0 (28s)

nac.m188085530rc: inc 15.85 lines [29286, 33382) samples [760, 2808)  41.5 MB
        16.8/41.5 MB (12s)
        33.6/41.5 MB (23s)
        41.5/41.5 MB (29s)
   (4096, 2048) sha256=e14a497f15e4cdbb... DN median 1852.0 (29s)

nac.m1447850428rc: inc 10.88 lines [23625, 27721) samples [1536, 3584)  41.5 MB
        16.8/41.5 MB (11s)
        33.6/41.5 MB (23s)
        41.5/41.5 MB (29s)
   (4096, 2048) sha256=001113cd04968c31... DN median 2156.0 (29s)

manifest: data\manifests\exp018_tranquillitatis_manifest.json  (7 tiles, 3.6 min)
