== REAL-DATA-02: independent tile overlap verification ==

criteria fixed before classification: CONFIRMED if the pessimistic (p5) shared fraction of the worse-covered tile is >= 0.50;
INSUFFICIENT if the optimistic (p95) fraction is < 0.20; otherwise UNKNOWN.

-- corner naming --
   nac.m1111656414rc: line 0 at MIN latitude (= REAL-DATA-01 hypothesis H2), node D, flight +X, scale ratio 1.0063 / 1.0081
   nac.m111443315rc: line 0 at MAX latitude (= REAL-DATA-01 hypothesis H1), node A, flight +X, scale ratio 1.0108 / 0.9776
   nac.m1121081627rc: line 0 at MIN latitude (= REAL-DATA-01 hypothesis H2), node D, flight -X, scale ratio 1.0073 / 1.0088
   nac.m1126979192rc: line 0 at MAX latitude (= REAL-DATA-01 hypothesis H1), node A, flight -X, scale ratio 1.0040 / 0.9989
   nac.m1134046721rc: line 0 at MAX latitude (= REAL-DATA-01 hypothesis H1), node A, flight +X, scale ratio 1.0025 / 0.9989
   nac.m1157600009rc: line 0 at MAX latitude (= REAL-DATA-01 hypothesis H1), node A, flight -X, scale ratio 1.0010 / 0.9785
   nac.m1177606647lc: line 0 at MIN latitude (= REAL-DATA-01 hypothesis H2), node A, flight +X, scale ratio 0.9975 / 0.9999
   nac.m1190561570lc: line 0 at MAX latitude (= REAL-DATA-01 hypothesis H1), node A, flight -X, scale ratio 0.9986 / 1.0362
   nac.m1192915976rc: line 0 at MAX latitude (= REAL-DATA-01 hypothesis H1), node A, flight -X, scale ratio 1.0101 / 0.9872
   nac.m1225876972lc: line 0 at MAX latitude (= REAL-DATA-01 hypothesis H1), node A, flight +X, scale ratio 1.0085 / 1.0080
   nac.m1254093845lc: line 0 at MAX latitude (= REAL-DATA-01 hypothesis H1), node A, flight -X, scale ratio 1.0069 / 0.9868
   nac.m1271742202lc: line 0 at MIN latitude (= REAL-DATA-01 hypothesis H2), node A, flight -X, scale ratio 1.0117 / 1.0011
   nac.m1282310415lc: line 0 at MAX latitude (= REAL-DATA-01 hypothesis H1), node A, flight -X, scale ratio 1.0079 / 1.0119
   nac.m1302291967lc: line 0 at MIN latitude (= REAL-DATA-01 hypothesis H2), node A, flight -X, scale ratio 1.0012 / 1.0220
   nac.m1322281266lc: line 0 at MAX latitude (= REAL-DATA-01 hypothesis H1), node A, flight +X, scale ratio 1.0021 / 1.0062
   nac.m1335207975rc: line 0 at MIN latitude (= REAL-DATA-01 hypothesis H2), node A, flight -X, scale ratio 1.0046 / 0.9943
   nac.m139755141rc: line 0 at MAX latitude (= REAL-DATA-01 hypothesis H1), node A, flight -X, scale ratio 0.9924 / 1.0414
   nac.m1404462373rc: line 0 at MAX latitude (= REAL-DATA-01 hypothesis H1), node A, flight +X, scale ratio 1.0106 / 0.9885
   nac.m1447850428rc: line 0 at MIN latitude (= REAL-DATA-01 hypothesis H2), node D, flight -X, scale ratio 0.9979 / 0.9888
   nac.m1456058565rc: line 0 at MAX latitude (= REAL-DATA-01 hypothesis H1), node A, flight -X, scale ratio 1.0050 / 1.0216
   nac.m1519291490rc: line 0 at MAX latitude (= REAL-DATA-01 hypothesis H1), node A, flight +X, scale ratio 1.0072 / 0.9792
   nac.m170409762lc: line 0 at MAX latitude (= REAL-DATA-01 hypothesis H1), node A, flight -X, scale ratio 1.0029 / 0.9747
   nac.m175124932rc: line 0 at MAX latitude (= REAL-DATA-01 hypothesis H1), node A, flight +X, scale ratio 0.9954 / 0.9979
   nac.m188085530rc: line 0 at MIN latitude (= REAL-DATA-01 hypothesis H2), node A, flight -X, scale ratio 1.0051 / 0.9980
   nac.m190444453lc: line 0 at MIN latitude (= REAL-DATA-01 hypothesis H2), node A, flight -X, scale ratio 1.0051 / 0.9995
   pixel-scale agreement over 50 comparisons: 0.9747 .. 1.0414
   flight-direction partition: {'+X': ['MAX', 'MIN'], '-X': ['MAX', 'MIN']} (clean: False)
   NORTH_AZIMUTH check: has_power=True -- frames split 16/9 on line direction and their NORTH_AZIMUTH group means differ by 66.28 deg (>= 15 deg): the column tracks the line direction and can test the corner naming

-- overlap --
exp018_tranquillitatis::m1177606647lc-m1282310415lc OVERLAP_CONFIRMED
   A 8.186 km2   B 6.627 km2   intersection 6.5592 km2
   IoU 0.7947   of A 80.12%   of B 98.98%   min 80.12%
   p5-p95 of min fraction: 76.53% .. 82.21%
   tile centres 0.000 km apart; tile is 4.17 x 1.97 km
   alternative corner reading would give min 59.04%
   even at the pessimistic end of the geometric uncertainty 0.765 of the worse-covered tile is shared ground, at or above the 0.50 criterion

exp018_tranquillitatis::m1177606647lc-m1121081627rc OVERLAP_CONFIRMED
   A 8.186 km2   B 6.191 km2   intersection 6.1913 km2
   IoU 0.7563   of A 75.63%   of B 100.00%   min 75.63%
   p5-p95 of min fraction: 71.24% .. 77.40%
   tile centres 0.001 km apart; tile is 4.17 x 1.97 km
   alternative corner reading would give min 75.59%
   even at the pessimistic end of the geometric uncertainty 0.712 of the worse-covered tile is shared ground, at or above the 0.50 criterion

exp018_tranquillitatis::m1177606647lc-m1190561570lc OVERLAP_CONFIRMED
   A 8.186 km2   B 6.114 km2   intersection 6.1115 km2
   IoU 0.7463   of A 74.65%   of B 99.96%   min 74.65%
   p5-p95 of min fraction: 71.13% .. 77.21%
   tile centres 0.000 km apart; tile is 4.17 x 1.97 km
   alternative corner reading would give min 11.38%
   even at the pessimistic end of the geometric uncertainty 0.711 of the worse-covered tile is shared ground, at or above the 0.50 criterion

exp018_tranquillitatis::m1177606647lc-m1157600009rc OVERLAP_CONFIRMED
   A 8.186 km2   B 8.300 km2   intersection 7.8711 km2
   IoU 0.9136   of A 96.15%   of B 94.83%   min 94.83%
   p5-p95 of min fraction: 89.59% .. 94.94%
   tile centres 0.000 km apart; tile is 4.17 x 1.97 km
   alternative corner reading would give min 0.00%
   even at the pessimistic end of the geometric uncertainty 0.896 of the worse-covered tile is shared ground, at or above the 0.50 criterion

exp018_tranquillitatis::m1177606647lc-m188085530rc OVERLAP_CONFIRMED
   A 8.186 km2   B 4.617 km2   intersection 4.2077 km2
   IoU 0.4895   of A 51.40%   of B 91.13%   min 51.40%
   p5-p95 of min fraction: 50.28% .. 51.77%
   tile centres 0.000 km apart; tile is 4.17 x 1.97 km
   alternative corner reading would give min 0.00%
   even at the pessimistic end of the geometric uncertainty 0.503 of the worse-covered tile is shared ground, at or above the 0.50 criterion

exp018_tranquillitatis::m1177606647lc-m1447850428rc OVERLAP_CONFIRMED
   A 8.186 km2   B 6.469 km2   intersection 6.4691 km2
   IoU 0.7902   of A 79.02%   of B 100.00%   min 79.02%
   p5-p95 of min fraction: 75.11% .. 82.51%
   tile centres 0.000 km apart; tile is 4.17 x 1.97 km
   alternative corner reading would give min 0.00%
   even at the pessimistic end of the geometric uncertainty 0.751 of the worse-covered tile is shared ground, at or above the 0.50 criterion

exp018_tranquillitatis::m1282310415lc-m1121081627rc OVERLAP_CONFIRMED
   A 6.627 km2   B 6.191 km2   intersection 5.7492 km2
   IoU 0.8133   of A 86.76%   of B 92.86%   min 86.76%
   p5-p95 of min fraction: 83.67% .. 87.49%
   tile centres 0.000 km apart; tile is 3.72 x 1.79 km
   alternative corner reading would give min 57.41%
   even at the pessimistic end of the geometric uncertainty 0.837 of the worse-covered tile is shared ground, at or above the 0.50 criterion

exp018_tranquillitatis::m1282310415lc-m1190561570lc OVERLAP_CONFIRMED
   A 6.627 km2   B 6.114 km2   intersection 6.1140 km2
   IoU 0.9226   of A 92.26%   of B 100.00%   min 92.26%
   p5-p95 of min fraction: 86.16% .. 94.36%
   tile centres 0.000 km apart; tile is 3.72 x 1.79 km
   alternative corner reading would give min 38.67%
   even at the pessimistic end of the geometric uncertainty 0.862 of the worse-covered tile is shared ground, at or above the 0.50 criterion

exp018_tranquillitatis::m1282310415lc-m1157600009rc OVERLAP_CONFIRMED
   A 6.627 km2   B 8.300 km2   intersection 6.6267 km2
   IoU 0.7984   of A 100.00%   of B 79.84%   min 79.84%
   p5-p95 of min fraction: 75.98% .. 82.61%
   tile centres 0.000 km apart; tile is 3.72 x 1.79 km
   alternative corner reading would give min 0.00%
   even at the pessimistic end of the geometric uncertainty 0.760 of the worse-covered tile is shared ground, at or above the 0.50 criterion

exp018_tranquillitatis::m1282310415lc-m188085530rc OVERLAP_CONFIRMED
   A 6.627 km2   B 4.617 km2   intersection 3.8231 km2
   IoU 0.5152   of A 57.69%   of B 82.80%   min 57.69%
   p5-p95 of min fraction: 57.27% .. 58.07%
   tile centres 0.000 km apart; tile is 3.72 x 1.79 km
   alternative corner reading would give min 0.00%
   even at the pessimistic end of the geometric uncertainty 0.573 of the worse-covered tile is shared ground, at or above the 0.50 criterion

exp018_tranquillitatis::m1282310415lc-m1447850428rc OVERLAP_CONFIRMED
   A 6.627 km2   B 6.469 km2   intersection 6.0199 km2
   IoU 0.8508   of A 90.84%   of B 93.06%   min 90.84%
   p5-p95 of min fraction: 86.59% .. 91.45%
   tile centres 0.000 km apart; tile is 3.72 x 1.79 km
   alternative corner reading would give min 0.00%
   even at the pessimistic end of the geometric uncertainty 0.866 of the worse-covered tile is shared ground, at or above the 0.50 criterion

exp018_tranquillitatis::m1121081627rc-m1190561570lc OVERLAP_CONFIRMED
   A 6.191 km2   B 6.114 km2   intersection 5.5952 km2
   IoU 0.8338   of A 90.37%   of B 91.51%   min 90.37%
   p5-p95 of min fraction: 85.90% .. 91.15%
   tile centres 0.001 km apart; tile is 3.26 x 1.90 km
   alternative corner reading would give min 0.00%
   even at the pessimistic end of the geometric uncertainty 0.859 of the worse-covered tile is shared ground, at or above the 0.50 criterion

exp018_tranquillitatis::m1121081627rc-m1157600009rc OVERLAP_CONFIRMED
   A 6.191 km2   B 8.300 km2   intersection 6.1319 km2
   IoU 0.7335   of A 99.04%   of B 73.88%   min 73.88%
   p5-p95 of min fraction: 70.09% .. 75.32%
   tile centres 0.001 km apart; tile is 3.26 x 1.90 km
   alternative corner reading would give min 0.00%
   even at the pessimistic end of the geometric uncertainty 0.701 of the worse-covered tile is shared ground, at or above the 0.50 criterion

exp018_tranquillitatis::m1121081627rc-m188085530rc OVERLAP_CONFIRMED
   A 6.191 km2   B 4.617 km2   intersection 4.0673 km2
   IoU 0.6033   of A 65.69%   of B 88.09%   min 65.69%
   p5-p95 of min fraction: 65.16% .. 66.13%
   tile centres 0.001 km apart; tile is 3.26 x 1.90 km
   alternative corner reading would give min 0.00%
   even at the pessimistic end of the geometric uncertainty 0.652 of the worse-covered tile is shared ground, at or above the 0.50 criterion

exp018_tranquillitatis::m1121081627rc-m1447850428rc OVERLAP_CONFIRMED
   A 6.191 km2   B 6.469 km2   intersection 5.6221 km2
   IoU 0.7988   of A 90.81%   of B 86.91%   min 86.91%
   p5-p95 of min fraction: 84.01% .. 87.22%
   tile centres 0.001 km apart; tile is 3.26 x 1.90 km
   alternative corner reading would give min 0.00%
   even at the pessimistic end of the geometric uncertainty 0.840 of the worse-covered tile is shared ground, at or above the 0.50 criterion

exp018_tranquillitatis::m1190561570lc-m1157600009rc OVERLAP_CONFIRMED
   A 6.114 km2   B 8.300 km2   intersection 6.1140 km2
   IoU 0.7366   of A 100.00%   of B 73.66%   min 73.66%
   p5-p95 of min fraction: 70.26% .. 76.89%
   tile centres 0.000 km apart; tile is 3.55 x 1.72 km
   alternative corner reading would give min 0.00%
   even at the pessimistic end of the geometric uncertainty 0.703 of the worse-covered tile is shared ground, at or above the 0.50 criterion

exp018_tranquillitatis::m1190561570lc-m188085530rc OVERLAP_CONFIRMED
   A 6.114 km2   B 4.617 km2   intersection 3.6785 km2
   IoU 0.5216   of A 60.16%   of B 79.67%   min 60.16%
   p5-p95 of min fraction: 59.77% .. 60.56%
   tile centres 0.000 km apart; tile is 3.55 x 1.72 km
   alternative corner reading would give min 30.93%
   even at the pessimistic end of the geometric uncertainty 0.598 of the worse-covered tile is shared ground, at or above the 0.50 criterion

exp018_tranquillitatis::m1190561570lc-m1447850428rc OVERLAP_CONFIRMED
   A 6.114 km2   B 6.469 km2   intersection 5.7634 km2
   IoU 0.8451   of A 94.27%   of B 89.09%   min 89.09%
   p5-p95 of min fraction: 85.24% .. 90.59%
   tile centres 0.000 km apart; tile is 3.55 x 1.72 km
   alternative corner reading would give min 0.00%
   even at the pessimistic end of the geometric uncertainty 0.852 of the worse-covered tile is shared ground, at or above the 0.50 criterion

exp018_tranquillitatis::m1157600009rc-m188085530rc OVERLAP_UNKNOWN
   A 8.300 km2   B 4.617 km2   intersection 4.2015 km2
   IoU 0.4821   of A 50.62%   of B 91.00%   min 50.62%
   p5-p95 of min fraction: 49.41% .. 50.90%
   tile centres 0.000 km apart; tile is 4.23 x 1.96 km
   alternative corner reading would give min 0.00%
   the uncertainty interval [0.494, 0.509] straddles the criteria (confirm >= 0.50, insufficient < 0.20); the geometry does not decide this pair

exp018_tranquillitatis::m1157600009rc-m1447850428rc OVERLAP_CONFIRMED
   A 8.300 km2   B 6.469 km2   intersection 6.4167 km2
   IoU 0.7682   of A 77.31%   of B 99.19%   min 77.31%
   p5-p95 of min fraction: 73.50% .. 79.88%
   tile centres 0.000 km apart; tile is 4.23 x 1.96 km
   alternative corner reading would give min 0.00%
   even at the pessimistic end of the geometric uncertainty 0.735 of the worse-covered tile is shared ground, at or above the 0.50 criterion

exp018_tranquillitatis::m188085530rc-m1447850428rc OVERLAP_CONFIRMED
   A 4.617 km2   B 6.469 km2   intersection 3.6934 km2
   IoU 0.4996   of A 79.99%   of B 57.09%   min 57.09%
   p5-p95 of min fraction: 56.66% .. 57.52%
   tile centres 0.000 km apart; tile is 2.14 x 2.15 km
   alternative corner reading would give min 0.00%
   even at the pessimistic end of the geometric uncertainty 0.567 of the worse-covered tile is shared ground, at or above the 0.50 criterion

-- projected windows for a geometry-driven re-selection (specification, not a measurement) --
exp018_tranquillitatis would share 80.0% of the worse-covered tile (IoU 0.794)
   nac.m1177606647lc: line0 11863 (-1672), sample0 1384 (+1151)
   nac.m1282310415lc: line0 25191 (+2024), sample0 1678 (+1078)

-- secondary corroboration (NOT used in the classification) --
figure: experiments\EXP-018\tile_overlap_tranquillitatis.png

report: experiments\EXP-018\overlap_tranquillitatis.json
