EXP-016 | windows 32 | recorded NU rows 42 | B4L yes

== S0 (i)/(ii): operator gate ==
  [S0 ii] RD03-target m1335207975r->m1452560468lc k= 4 inliers= 9460 recorded= 9460 REPRODUCES
  [S0 ii] RD03-target m1335207975r->m1452560468lc k= 8 inliers= 3054 recorded= 3054 REPRODUCES
  [S0 ii] RD03-target m1335207975r->m1452560468lc k=16 inliers= 1373 recorded= 1373 REPRODUCES
  [S0 ii] RD03-target m1335207975r->m1452560468lc k=32 inliers=  566 recorded=  566 REPRODUCES
  [S0 ii] REAL-DATA-03 m1335207975r->m1452560468lc k= 2 inliers= 5365 recorded= 5365 REPRODUCES
  [S0 ii] RD04-target m1299958135l->m1271742202lc k= 4 inliers= 3693 recorded= 3693 REPRODUCES
  [S0 ii] RD04-target m1299958135l->m1271742202lc k= 8 inliers= 1665 recorded= 1665 REPRODUCES
  [S0 ii] RD04-target m1299958135l->m1271742202lc k=16 inliers=  693 recorded=  693 REPRODUCES
  [S0 ii] RD04-target m1299958135l->m1271742202lc k=32 inliers=  243 recorded=  243 REPRODUCES
  [S0 ii] REAL-DATA-04 m1299958135l->m1271742202lc k= 2 inliers= 1656 recorded= 1656 REPRODUCES

== S0 (iii): native gate ==
  [S0 iii] RD03 m1271742202l->m1182331886lc inliers= 1656 recorded= 1656 REPRODUCES
  [S0 iii] RD03 m1182331886l->m1212932972lc inliers= 5437 recorded= 5437 REPRODUCES
  [S0 iii] RD03 m1236465772r->m1175268993rc inliers= 8239 recorded= 8239 REPRODUCES
  [S0 iii] RD03 m1212932972l->m1363396554rc inliers= 3486 recorded= 3486 REPRODUCES
  [S0 iii] RD03 m1452560468l->m1335207975rc inliers= 5392 recorded= 5392 REPRODUCES
  [S0 iii] RD03 m1096350825r->m1142297886lc inliers= 7554 recorded= 7554 REPRODUCES
  [S0 iii] RD03 m1199981485r->m1142297886lc inliers=    4 recorded=    4 REPRODUCES
  [S0 iii] RD03 m1335207975r->m1142297886lc inliers=    5 recorded=    5 REPRODUCES
  [S0 iii] RD04 m1299958135l->m1315225542lc inliers= 2726 recorded= 2726 REPRODUCES
  [S0 iii] RD04 m1299958135l->m1271742202lc inliers= 1608 recorded= 1608 REPRODUCES
  [S0 iii] RD04 m1315225542l->m1271742202lc inliers= 2138 recorded= 2138 REPRODUCES
  [S0 iii] RD04 m1271742202l->m1341069775rc inliers=   47 recorded=   47 REPRODUCES
  [S0 iii] RD04 m1212932972l->m1363396554rc inliers= 2597 recorded= 2597 REPRODUCES
  [S0 iii] RD04 m1341069775r->m1212932972lc inliers=    8 recorded=    8 REPRODUCES

== ladder ==
  [A RD03        m1271742202l->m1182331886lc] D r=  4(run   4) B1  N=  524288 kp= 3443 put=  956 inl=  933 SUCCESS    geom=CONSISTENT W cons=0.480px (4s)
  [A RD03        m1271742202l->m1182331886lc] D r=  8(run   8) B1  N=  131072 kp= 1175 put=  393 inl=  388 SUCCESS    geom=CONSISTENT W cons=0.210px (1s)
Loaded LightGlue model
  [A RD03        m1271742202l->m1182331886lc] D r=  8(run   8) B4L N=  131072 kp= 1859 put= 1168 inl= 1165 SUCCESS    geom=CONSISTENT W cons=0.218px (8s)
  [A RD03        m1271742202l->m1182331886lc] D r= 16(run  16) B1  N=   32768 kp=  413 put=  133 inl=  133 SUCCESS    geom=CONSISTENT W cons=0.281px (0s)
  [A RD03        m1271742202l->m1182331886lc] D r= 16(run  16) B4L N=   32768 kp=  428 put=  246 inl=  245 SUCCESS    geom=CONSISTENT W cons=0.202px (1s)
  [A RD03        m1271742202l->m1182331886lc] D r= 32(run  32) B1  N=    8192 kp=  137 put=   43 inl=   43 SUCCESS    geom=CONSISTENT W cons=0.108px (0s)
  [A RD03        m1271742202l->m1182331886lc] D r= 32(run  32) B4L N=    8192 kp=   98 put=   44 inl=   43 SUCCESS    geom=CONSISTENT W cons=0.252px (0s)
  [A RD03        m1271742202l->m1182331886lc] D r= 64(run  64) B1  N=    2048 kp=   23 put=    9 inl=    9 SUCCESS    geom=CONSISTENT W cons=nanpx (0s)
  [A RD03        m1271742202l->m1182331886lc] D r= 64(run  64) B4L N=    2048 kp=   17 put=    9 inl=    8 fail       geom=INCONCLUSIVE cons=nanpx (0s)
  [A RD03        m1271742202l->m1182331886lc] D r=128(run 128) B1  N=     512 kp=    6 put=    3 inl=    3 fail       geom=CONSISTENT W cons=nanpx (0s)
  [A RD03        m1271742202l->m1182331886lc] D r=128(run 128) B4L N=     512 kp=    3 put=    2 inl=    0 fail       geom=no transform cons=nanpx (0s)
  [A RD03        m1271742202l->m1182331886lc] D r=320(run 320) B1  N=      72 kp=    0 put=    0 inl=    0 fail       geom=no transform cons=nanpx (0s)
    !! B4L raised on (12, 6) vs (12, 6): ValueError: Expected more than 1 spatial element when training, got input size torch.Size([1, 64, 1, 1])
  [A RD03        m1271742202l->m1182331886lc] D r=320(run 320) B4L ENGINE-ERROR N=      72 kp=    0 put=    0 inl=    0 fail       geom=no transform cons=nanpx (0s)
  [A RD03        m1271742202l->m1182331886lc] N r=  4(run   4) B1  N= 2097152 kp= 9506 put=  849 inl=  786 SUCCESS    geom=CONSISTENT W cons=0.221px (5s)
  [A RD03        m1271742202l->m1182331886lc] N r=  8(run   8) B1  N= 2097152 kp= 9506 put=  372 inl=  330 SUCCESS    geom=CONSISTENT W cons=0.223px (2s)
  [A RD03        m1271742202l->m1182331886lc] N r= 16(run  16) B1  N= 2097152 kp= 9506 put=  146 inl=  112 SUCCESS    geom=CONSISTENT W cons=0.325px (1s)
  [A RD03        m1271742202l->m1182331886lc] N r= 32(run  32) B1  N= 2097152 kp= 9506 put=   58 inl=   36 SUCCESS    geom=CONSISTENT W cons=0.343px (1s)
  [A RD03        m1271742202l->m1182331886lc] X r=  8(run   4) B1  N=  131072 kp=  764 put=  214 inl=  204 SUCCESS    geom=CONSISTENT W cons=0.649px (1s)
  [A RD03        m1271742202l->m1182331886lc] X r= 16(run   8) B1  N=   32768 kp=  248 put=   88 inl=   84 SUCCESS    geom=CONSISTENT W cons=0.337px (0s)
  [A RD03        m1271742202l->m1182331886lc] X r= 32(run  16) B1  N=    8192 kp=   79 put=   28 inl=   27 SUCCESS    geom=CONSISTENT W cons=0.100px (0s)
  [A RD03        m1271742202l->m1182331886lc] X r= 64(run  32) B1  N=    2048 kp=   21 put=    6 inl=    6 fail       geom=CONSISTENT W cons=nanpx (0s)
  [A RD03        m1271742202l->m1182331886lc] X r=128(run  64) B1  N=     512 kp=    7 put=    4 inl=    3 fail       geom=CONSISTENT W cons=nanpx (0s)
  [A RD03        m1271742202l->m1182331886lc] X r=320(run 160) B1  N=      72 kp=    3 put=    0 inl=    0 fail       geom=no transform cons=nanpx (0s)
  [A RD03        m1271742202l] SELF r=  4 N=  519689 inl= 3111 shift_err=0.0026px
  [A RD03        m1271742202l] SELF r=  8 N=  128777 inl= 1028 shift_err=0.0750px
  [A RD03        m1271742202l] SELF r= 16 N=   31625 inl=  348 shift_err=0.0069px
  [A RD03        m1271742202l] SELF r= 32 N=    7625 inl=   93 shift_err=0.0154px
  [A RD03        m1271742202l] SELF r= 64 N=    1769 inl=    9 shift_err=0.2047px
  [A RD03        m1271742202l] SELF r=128 N=     377 inl=    0 shift_err=nanpx
  [A RD03        m1271742202l] SELF r=320 N=      27 inl=    0 shift_err=nanpx
  [A RD03        m1182331886l->m1212932972lc] D r=  4(run   4) B1  N=  524288 kp= 4034 put= 2141 inl= 2130 SUCCESS    geom=CONSISTENT W cons=0.169px (7s)
  [A RD03        m1182331886l->m1212932972lc] D r=  8(run   8) B1  N=  131072 kp= 1484 put=  823 inl=  821 SUCCESS    geom=CONSISTENT W cons=0.115px (2s)
  [A RD03        m1182331886l->m1212932972lc] D r=  8(run   8) B4L N=  131072 kp= 1914 put= 1531 inl= 1529 SUCCESS    geom=CONSISTENT W cons=0.155px (9s)
  [A RD03        m1182331886l->m1212932972lc] D r= 16(run  16) B1  N=   32768 kp=  550 put=  288 inl=  285 SUCCESS    geom=CONSISTENT W cons=0.111px (1s)
  [A RD03        m1182331886l->m1212932972lc] D r= 16(run  16) B4L N=   32768 kp=  403 put=  304 inl=  304 SUCCESS    geom=CONSISTENT W cons=0.082px (1s)
  [A RD03        m1182331886l->m1212932972lc] D r= 32(run  32) B1  N=    8192 kp=  151 put=   82 inl=   82 SUCCESS    geom=CONSISTENT W cons=0.046px (0s)
  [A RD03        m1182331886l->m1212932972lc] D r= 32(run  32) B4L N=    8192 kp=  108 put=   84 inl=   84 SUCCESS    geom=CONSISTENT W cons=0.237px (0s)
  [A RD03        m1182331886l->m1212932972lc] D r= 64(run  64) B1  N=    2048 kp=   28 put=   21 inl=   21 SUCCESS    geom=CONSISTENT W cons=nanpx (0s)
  [A RD03        m1182331886l->m1212932972lc] D r= 64(run  64) B4L N=    2048 kp=   15 put=   10 inl=   10 SUCCESS    geom=CONSISTENT W cons=nanpx (0s)
  [A RD03        m1182331886l->m1212932972lc] D r=128(run 128) B1  N=     512 kp=   10 put=    4 inl=    4 fail       geom=CONSISTENT W cons=nanpx (0s)
  [A RD03        m1182331886l->m1212932972lc] D r=128(run 128) B4L N=     512 kp=    5 put=    1 inl=    0 fail       geom=no transform cons=nanpx (0s)
  [A RD03        m1182331886l->m1212932972lc] D r=320(run 320) B1  N=      72 kp=    0 put=    0 inl=    0 fail       geom=no transform cons=nanpx (0s)
    !! B4L raised on (12, 6) vs (12, 6): ValueError: Expected more than 1 spatial element when training, got input size torch.Size([1, 64, 1, 1])
  [A RD03        m1182331886l->m1212932972lc] D r=320(run 320) B4L ENGINE-ERROR N=      72 kp=    0 put=    0 inl=    0 fail       geom=no transform cons=nanpx (0s)
  [A RD03        m1182331886l->m1212932972lc] N r=  4(run   4) B1  N= 2097152 kp=10894 put= 2040 inl= 2014 SUCCESS    geom=CONSISTENT W cons=0.193px (5s)
  [A RD03        m1182331886l->m1212932972lc] N r=  8(run   8) B1  N= 2097152 kp=10894 put=  827 inl=  798 SUCCESS    geom=CONSISTENT W cons=0.283px (2s)
  [A RD03        m1182331886l->m1212932972lc] N r= 16(run  16) B1  N= 2097152 kp=10894 put=  274 inl=  258 SUCCESS    geom=CONSISTENT W cons=0.336px (1s)
  [A RD03        m1182331886l->m1212932972lc] N r= 32(run  32) B1  N= 2097152 kp=10894 put=  109 inl=   97 SUCCESS    geom=CONSISTENT W cons=0.324px (1s)
  [A RD03        m1182331886l->m1212932972lc] X r=  8(run   4) B1  N=  131072 kp=  821 put=  435 inl=  431 SUCCESS    geom=CONSISTENT W cons=0.463px (1s)
  [A RD03        m1182331886l->m1212932972lc] X r= 16(run   8) B1  N=   32768 kp=  319 put=  168 inl=  168 SUCCESS    geom=CONSISTENT W cons=0.250px (0s)
  [A RD03        m1182331886l->m1212932972lc] X r= 32(run  16) B1  N=    8192 kp=  116 put=   62 inl=   62 SUCCESS    geom=CONSISTENT W cons=0.180px (0s)
  [A RD03        m1182331886l->m1212932972lc] X r= 64(run  32) B1  N=    2048 kp=   34 put=   12 inl=   12 SUCCESS    geom=CONSISTENT W cons=nanpx (0s)
  [A RD03        m1182331886l->m1212932972lc] X r=128(run  64) B1  N=     512 kp=    5 put=    5 inl=    5 fail       geom=CONSISTENT W cons=nanpx (0s)
  [A RD03        m1182331886l->m1212932972lc] X r=320(run 160) B1  N=      72 kp=    0 put=    0 inl=    0 fail       geom=no transform cons=nanpx (0s)
  [A RD03        m1182331886l] SELF r=  4 N=  519689 inl= 3697 shift_err=0.0037px
  [A RD03        m1182331886l] SELF r=  8 N=  128777 inl= 1313 shift_err=0.3728px
  [A RD03        m1182331886l] SELF r= 16 N=   31625 inl=  459 shift_err=0.0060px
  [A RD03        m1182331886l] SELF r= 32 N=    7625 inl=  116 shift_err=0.0129px
  [A RD03        m1182331886l] SELF r= 64 N=    1769 inl=   19 shift_err=0.2593px
  [A RD03        m1182331886l] SELF r=128 N=     377 inl=    0 shift_err=nanpx
  [A RD03        m1182331886l] SELF r=320 N=      27 inl=    0 shift_err=nanpx
  [A RD03        m1236465772r->m1175268993rc] D r=  4(run   4) B1  N=  524288 kp= 5068 put= 3112 inl= 3097 SUCCESS    geom=CONSISTENT W cons=0.258px (13s)
  [A RD03        m1236465772r->m1175268993rc] D r=  8(run   8) B1  N=  131072 kp= 1809 put= 1118 inl= 1111 SUCCESS    geom=CONSISTENT W cons=0.137px (3s)
  [A RD03        m1236465772r->m1175268993rc] D r=  8(run   8) B4L N=  131072 kp= 1817 put= 1391 inl= 1387 SUCCESS    geom=CONSISTENT W cons=0.130px (8s)
  [A RD03        m1236465772r->m1175268993rc] D r= 16(run  16) B1  N=   32768 kp=  617 put=  388 inl=  387 SUCCESS    geom=CONSISTENT W cons=0.071px (1s)
  [A RD03        m1236465772r->m1175268993rc] D r= 16(run  16) B4L N=   32768 kp=  461 put=  354 inl=  354 SUCCESS    geom=CONSISTENT W cons=0.063px (1s)
  [A RD03        m1236465772r->m1175268993rc] D r= 32(run  32) B1  N=    8192 kp=  181 put=  109 inl=  109 SUCCESS    geom=CONSISTENT W cons=0.053px (0s)
  [A RD03        m1236465772r->m1175268993rc] D r= 32(run  32) B4L N=    8192 kp=  111 put=   75 inl=   75 SUCCESS    geom=CONSISTENT W cons=0.161px (0s)
  [A RD03        m1236465772r->m1175268993rc] D r= 64(run  64) B1  N=    2048 kp=   30 put=   11 inl=   11 SUCCESS    geom=CONSISTENT W cons=nanpx (0s)
  [A RD03        m1236465772r->m1175268993rc] D r= 64(run  64) B4L N=    2048 kp=   23 put=   16 inl=   16 SUCCESS    geom=CONSISTENT W cons=nanpx (0s)
  [A RD03        m1236465772r->m1175268993rc] D r=128(run 128) B1  N=     512 kp=    4 put=    2 inl=    0 fail       geom=no transform cons=nanpx (0s)
  [A RD03        m1236465772r->m1175268993rc] D r=128(run 128) B4L N=     512 kp=    0 put=    0 inl=    0 fail       geom=no transform cons=nanpx (0s)
  [A RD03        m1236465772r->m1175268993rc] D r=320(run 320) B1  N=      72 kp=    0 put=    0 inl=    0 fail       geom=no transform cons=nanpx (0s)
    !! B4L raised on (12, 6) vs (12, 6): ValueError: Expected more than 1 spatial element when training, got input size torch.Size([1, 64, 1, 1])
  [A RD03        m1236465772r->m1175268993rc] D r=320(run 320) B4L ENGINE-ERROR N=      72 kp=    0 put=    0 inl=    0 fail       geom=no transform cons=nanpx (0s)
  [A RD03        m1236465772r->m1175268993rc] N r=  4(run   4) B1  N= 2097152 kp=14702 put= 2807 inl= 2746 SUCCESS    geom=CONSISTENT W cons=0.337px (8s)
  [A RD03        m1236465772r->m1175268993rc] N r=  8(run   8) B1  N= 2097152 kp=14702 put= 1019 inl=  981 SUCCESS    geom=CONSISTENT W cons=0.302px (4s)
  [A RD03        m1236465772r->m1175268993rc] N r= 16(run  16) B1  N= 2097152 kp=14702 put=  342 inl=  314 SUCCESS    geom=CONSISTENT W cons=0.310px (2s)
  [A RD03        m1236465772r->m1175268993rc] N r= 32(run  32) B1  N= 2097152 kp=14702 put=   93 inl=   75 SUCCESS    geom=CONSISTENT W cons=0.308px (2s)
  [A RD03        m1236465772r->m1175268993rc] X r=  8(run   4) B1  N=  131072 kp= 2150 put=  696 inl=  694 SUCCESS    geom=CONSISTENT W cons=0.193px (2s)
  [A RD03        m1236465772r->m1175268993rc] X r= 16(run   8) B1  N=   32768 kp=  662 put=  239 inl=  239 SUCCESS    geom=CONSISTENT W cons=0.083px (0s)
  [A RD03        m1236465772r->m1175268993rc] X r= 32(run  16) B1  N=    8192 kp=  197 put=   77 inl=   76 SUCCESS    geom=CONSISTENT W cons=0.065px (0s)
  [A RD03        m1236465772r->m1175268993rc] X r= 64(run  32) B1  N=    2048 kp=   40 put=   15 inl=   14 SUCCESS    geom=CONSISTENT W cons=nanpx (0s)
  [A RD03        m1236465772r->m1175268993rc] X r=128(run  64) B1  N=     512 kp=    7 put=    2 inl=    0 fail       geom=no transform cons=nanpx (0s)
  [A RD03        m1236465772r->m1175268993rc] X r=320(run 160) B1  N=      72 kp=    0 put=    0 inl=    0 fail       geom=no transform cons=nanpx (0s)
  [A RD03        m1236465772r] SELF r=  4 N=  519689 inl= 4716 shift_err=0.0032px
  [A RD03        m1236465772r] SELF r=  8 N=  128777 inl= 1606 shift_err=0.0054px
  [A RD03        m1236465772r] SELF r= 16 N=   31625 inl=  516 shift_err=0.0054px
  [A RD03        m1236465772r] SELF r= 32 N=    7625 inl=  134 shift_err=0.0138px
  [A RD03        m1236465772r] SELF r= 64 N=    1769 inl=   17 shift_err=0.0753px
  [A RD03        m1236465772r] SELF r=128 N=     377 inl=    0 shift_err=nanpx
  [A RD03        m1236465772r] SELF r=320 N=      27 inl=    0 shift_err=nanpx
  [A RD03        m1212932972l->m1363396554rc] D r=  4(run   4) B1  N=  524288 kp= 3562 put= 1259 inl= 1249 SUCCESS    geom=CONSISTENT W cons=0.158px (4s)
  [A RD03        m1212932972l->m1363396554rc] D r=  8(run   8) B1  N=  131072 kp= 1334 put=  462 inl=  455 SUCCESS    geom=CONSISTENT W cons=0.094px (1s)
  [A RD03        m1212932972l->m1363396554rc] D r=  8(run   8) B4L N=  131072 kp= 1893 put=  923 inl=  920 SUCCESS    geom=CONSISTENT W cons=0.090px (5s)
  [A RD03        m1212932972l->m1363396554rc] D r= 16(run  16) B1  N=   32768 kp=  474 put=  157 inl=  153 SUCCESS    geom=CONSISTENT W cons=0.276px (0s)
  [A RD03        m1212932972l->m1363396554rc] D r= 16(run  16) B4L N=   32768 kp=  414 put=  179 inl=  179 SUCCESS    geom=CONSISTENT W cons=0.146px (1s)
  [A RD03        m1212932972l->m1363396554rc] D r= 32(run  32) B1  N=    8192 kp=  157 put=   46 inl=   45 SUCCESS    geom=CONSISTENT W cons=0.094px (0s)
  [A RD03        m1212932972l->m1363396554rc] D r= 32(run  32) B4L N=    8192 kp=  112 put=   42 inl=   40 SUCCESS    geom=CONSISTENT W cons=0.356px (0s)
  [A RD03        m1212932972l->m1363396554rc] D r= 64(run  64) B1  N=    2048 kp=   36 put=   12 inl=   10 SUCCESS    geom=CONSISTENT W cons=nanpx (0s)
  [A RD03        m1212932972l->m1363396554rc] D r= 64(run  64) B4L N=    2048 kp=   16 put=    8 inl=    6 fail       geom=INCONSISTENT cons=nanpx (0s)
  [A RD03        m1212932972l->m1363396554rc] D r=128(run 128) B1  N=     512 kp=    6 put=    2 inl=    0 fail       geom=no transform cons=nanpx (0s)
  [A RD03        m1212932972l->m1363396554rc] D r=128(run 128) B4L N=     512 kp=    3 put=    1 inl=    0 fail       geom=no transform cons=nanpx (0s)
  [A RD03        m1212932972l->m1363396554rc] D r=320(run 320) B1  N=      72 kp=    0 put=    0 inl=    0 fail       geom=no transform cons=nanpx (0s)
    !! B4L raised on (12, 6) vs (12, 6): ValueError: Expected more than 1 spatial element when training, got input size torch.Size([1, 64, 1, 1])
  [A RD03        m1212932972l->m1363396554rc] D r=320(run 320) B4L ENGINE-ERROR N=      72 kp=    0 put=    0 inl=    0 fail       geom=no transform cons=nanpx (0s)
  [A RD03        m1212932972l->m1363396554rc] N r=  4(run   4) B1  N= 2097152 kp=10310 put= 1239 inl= 1188 SUCCESS    geom=CONSISTENT W cons=0.181px (4s)
  [A RD03        m1212932972l->m1363396554rc] N r=  8(run   8) B1  N= 2097152 kp=10310 put=  456 inl=  417 SUCCESS    geom=CONSISTENT W cons=0.260px (2s)
  [A RD03        m1212932972l->m1363396554rc] N r= 16(run  16) B1  N= 2097152 kp=10310 put=  170 inl=  147 SUCCESS    geom=CONSISTENT W cons=0.313px (1s)
  [A RD03        m1212932972l->m1363396554rc] N r= 32(run  32) B1  N= 2097152 kp=10310 put=   56 inl=   40 SUCCESS    geom=CONSISTENT W cons=0.392px (1s)
  [A RD03        m1212932972l->m1363396554rc] X r=  8(run   4) B1  N=  131072 kp=  718 put=  133 inl=  127 SUCCESS    geom=CONSISTENT W cons=0.394px (0s)
  [A RD03        m1212932972l->m1363396554rc] X r= 16(run   8) B1  N=   32768 kp=  266 put=   45 inl=   42 SUCCESS    geom=CONSISTENT W cons=0.136px (0s)
  [A RD03        m1212932972l->m1363396554rc] X r= 32(run  16) B1  N=    8192 kp=   98 put=   14 inl=   13 SUCCESS    geom=CONSISTENT W cons=0.381px (0s)
  [A RD03        m1212932972l->m1363396554rc] X r= 64(run  32) B1  N=    2048 kp=   23 put=    2 inl=    0 fail       geom=no transform cons=nanpx (0s)
  [A RD03        m1212932972l->m1363396554rc] X r=128(run  64) B1  N=     512 kp=    8 put=    0 inl=    0 fail       geom=no transform cons=nanpx (0s)
  [A RD03        m1212932972l->m1363396554rc] X r=320(run 160) B1  N=      72 kp=    0 put=    0 inl=    0 fail       geom=no transform cons=nanpx (0s)
  [A RD03        m1212932972l] SELF r=  4 N=  519689 inl= 3229 shift_err=0.0049px
  [A RD03        m1212932972l] SELF r=  8 N=  128777 inl= 1145 shift_err=0.0051px
  [A RD03        m1212932972l] SELF r= 16 N=   31625 inl=  411 shift_err=0.0085px
  [A RD03        m1212932972l] SELF r= 32 N=    7625 inl=  111 shift_err=0.0240px
  [A RD03        m1212932972l] SELF r= 64 N=    1769 inl=   17 shift_err=0.0357px
  [A RD03        m1212932972l] SELF r=128 N=     377 inl=    4 shift_err=5.3325px
  [A RD03        m1212932972l] SELF r=320 N=      27 inl=    0 shift_err=nanpx
  [A RD03        m1452560468l->m1335207975rc] D r=  4(run   4) B1  N=  524288 kp= 2645 put= 1495 inl= 1491 SUCCESS    geom=INCONCLUSIVE cons=0.279px (4s)
  [A RD03        m1452560468l->m1335207975rc] D r=  8(run   8) B1  N=  131072 kp=  853 put=  500 inl=  500 SUCCESS    geom=INCONCLUSIVE cons=0.143px (1s)
  [A RD03        m1452560468l->m1335207975rc] D r=  8(run   8) B4L N=  131072 kp= 1751 put= 1321 inl= 1318 SUCCESS    geom=INCONCLUSIVE cons=0.144px (6s)
  [A RD03        m1452560468l->m1335207975rc] D r= 16(run  16) B1  N=   32768 kp=  358 put=  216 inl=  216 SUCCESS    geom=INCONCLUSIVE cons=0.079px (0s)
  [A RD03        m1452560468l->m1335207975rc] D r= 16(run  16) B4L N=   32768 kp=  385 put=  260 inl=  260 SUCCESS    geom=INCONCLUSIVE cons=0.136px (1s)
  [A RD03        m1452560468l->m1335207975rc] D r= 32(run  32) B1  N=    8192 kp=  122 put=   81 inl=   81 SUCCESS    geom=INCONCLUSIVE cons=0.062px (0s)
  [A RD03        m1452560468l->m1335207975rc] D r= 32(run  32) B4L N=    8192 kp=   92 put=   65 inl=   65 SUCCESS    geom=INCONCLUSIVE cons=0.234px (0s)
  [A RD03        m1452560468l->m1335207975rc] D r= 64(run  64) B1  N=    2048 kp=   16 put=    8 inl=    8 fail       geom=INCONCLUSIVE cons=nanpx (0s)
  [A RD03        m1452560468l->m1335207975rc] D r= 64(run  64) B4L N=    2048 kp=   19 put=   11 inl=   11 SUCCESS    geom=INCONCLUSIVE cons=nanpx (0s)
  [A RD03        m1452560468l->m1335207975rc] D r=128(run 128) B1  N=     512 kp=    1 put=    0 inl=    0 fail       geom=no transform cons=nanpx (0s)
  [A RD03        m1452560468l->m1335207975rc] D r=128(run 128) B4L N=     512 kp=    5 put=    2 inl=    0 fail       geom=no transform cons=nanpx (0s)
  [A RD03        m1452560468l->m1335207975rc] D r=320(run 320) B1  N=      72 kp=    0 put=    0 inl=    0 fail       geom=no transform cons=nanpx (0s)
    !! B4L raised on (12, 6) vs (12, 6): ValueError: Expected more than 1 spatial element when training, got input size torch.Size([1, 64, 1, 1])
  [A RD03        m1452560468l->m1335207975rc] D r=320(run 320) B4L ENGINE-ERROR N=      72 kp=    0 put=    0 inl=    0 fail       geom=no transform cons=nanpx (0s)
  [A RD03        m1452560468l->m1335207975rc] N r=  4(run   4) B1  N= 2097152 kp=11433 put= 1249 inl= 1213 SUCCESS    geom=INCONCLUSIVE cons=0.281px (5s)
  [A RD03        m1452560468l->m1335207975rc] N r=  8(run   8) B1  N= 2097152 kp=11433 put=  414 inl=  390 SUCCESS    geom=INCONCLUSIVE cons=0.267px (2s)
  [A RD03        m1452560468l->m1335207975rc] N r= 16(run  16) B1  N= 2097152 kp=11433 put=  186 inl=  174 SUCCESS    geom=CONSISTENT W cons=0.316px (2s)
  [A RD03        m1452560468l->m1335207975rc] N r= 32(run  32) B1  N= 2097152 kp=11433 put=   76 inl=   66 SUCCESS    geom=CONSISTENT W cons=0.350px (1s)
  [A RD03        m1452560468l->m1335207975rc] X r=  8(run   4) B1  N=  131072 kp=  432 put=  200 inl=  198 SUCCESS    geom=INCONCLUSIVE cons=0.219px (1s)
  [A RD03        m1452560468l->m1335207975rc] X r= 16(run   8) B1  N=   32768 kp=  128 put=   60 inl=   59 SUCCESS    geom=INCONCLUSIVE cons=0.113px (0s)
  [A RD03        m1452560468l->m1335207975rc] X r= 32(run  16) B1  N=    8192 kp=   45 put=   14 inl=   14 SUCCESS    geom=INCONCLUSIVE cons=0.077px (0s)
  [A RD03        m1452560468l->m1335207975rc] X r= 64(run  32) B1  N=    2048 kp=   19 put=   10 inl=    9 SUCCESS    geom=INCONCLUSIVE cons=nanpx (0s)
  [A RD03        m1452560468l->m1335207975rc] X r=128(run  64) B1  N=     512 kp=    5 put=    3 inl=    3 fail       geom=INCONCLUSIVE cons=nanpx (0s)
  [A RD03        m1452560468l->m1335207975rc] X r=320(run 160) B1  N=      72 kp=    0 put=    0 inl=    0 fail       geom=no transform cons=nanpx (0s)
  [A RD03        m1452560468l] SELF r=  4 N=  519689 inl= 2407 shift_err=0.0026px
  [A RD03        m1452560468l] SELF r=  8 N=  128777 inl=  722 shift_err=0.0090px
  [A RD03        m1452560468l] SELF r= 16 N=   31625 inl=  314 shift_err=0.0099px
  [A RD03        m1452560468l] SELF r= 32 N=    7625 inl=   93 shift_err=0.0106px
  [A RD03        m1452560468l] SELF r= 64 N=    1769 inl=    9 shift_err=0.0374px
  [A RD03        m1452560468l] SELF r=128 N=     377 inl=    0 shift_err=nanpx
  [A RD03        m1452560468l] SELF r=320 N=      27 inl=    0 shift_err=nanpx
  [A RD03        m1096350825r->m1142297886lc] D r=  4(run   4) B1  N=  524288 kp= 3561 put= 2270 inl= 2260 SUCCESS    geom=CONSISTENT W cons=0.237px (8s)
  [A RD03        m1096350825r->m1142297886lc] D r=  8(run   8) B1  N=  131072 kp= 1314 put=  839 inl=  837 SUCCESS    geom=CONSISTENT W cons=0.051px (2s)
  [A RD03        m1096350825r->m1142297886lc] D r=  8(run   8) B4L N=  131072 kp= 1635 put= 1358 inl= 1357 SUCCESS    geom=CONSISTENT W cons=0.065px (13s)
  [A RD03        m1096350825r->m1142297886lc] D r= 16(run  16) B1  N=   32768 kp=  554 put=  348 inl=  347 SUCCESS    geom=CONSISTENT W cons=0.053px (1s)
  [A RD03        m1096350825r->m1142297886lc] D r= 16(run  16) B4L N=   32768 kp=  378 put=  300 inl=  300 SUCCESS    geom=CONSISTENT W cons=0.059px (2s)
  [A RD03        m1096350825r->m1142297886lc] D r= 32(run  32) B1  N=    8192 kp=  104 put=   68 inl=   67 SUCCESS    geom=CONSISTENT W cons=0.068px (0s)
  [A RD03        m1096350825r->m1142297886lc] D r= 32(run  32) B4L N=    8192 kp=   99 put=   78 inl=   78 SUCCESS    geom=CONSISTENT W cons=0.328px (0s)
  [A RD03        m1096350825r->m1142297886lc] D r= 64(run  64) B1  N=    2048 kp=    6 put=    4 inl=    4 fail       geom=CONSISTENT W cons=nanpx (0s)
  [A RD03        m1096350825r->m1142297886lc] D r= 64(run  64) B4L N=    2048 kp=   18 put=   13 inl=   13 SUCCESS    geom=CONSISTENT W cons=nanpx (0s)
  [A RD03        m1096350825r->m1142297886lc] D r=128(run 128) B1  N=     512 kp=    4 put=    1 inl=    0 fail       geom=no transform cons=nanpx (0s)
  [A RD03        m1096350825r->m1142297886lc] D r=128(run 128) B4L N=     512 kp=    4 put=    4 inl=    4 fail       geom=CONSISTENT W cons=nanpx (1s)
  [A RD03        m1096350825r->m1142297886lc] D r=320(run 320) B1  N=      72 kp=    0 put=    0 inl=    0 fail       geom=no transform cons=nanpx (0s)
    !! B4L raised on (12, 6) vs (12, 6): ValueError: Expected more than 1 spatial element when training, got input size torch.Size([1, 64, 1, 1])
  [A RD03        m1096350825r->m1142297886lc] D r=320(run 320) B4L ENGINE-ERROR N=      72 kp=    0 put=    0 inl=    0 fail       geom=no transform cons=nanpx (0s)
  [A RD03        m1096350825r->m1142297886lc] N r=  4(run   4) B1  N= 2097152 kp=12825 put= 2346 inl= 2312 SUCCESS    geom=CONSISTENT W cons=0.406px (12s)
  [A RD03        m1096350825r->m1142297886lc] N r=  8(run   8) B1  N= 2097152 kp=12825 put=  846 inl=  815 SUCCESS    geom=CONSISTENT W cons=0.339px (5s)
  [A RD03        m1096350825r->m1142297886lc] N r= 16(run  16) B1  N= 2097152 kp=12825 put=  330 inl=  312 SUCCESS    geom=CONSISTENT W cons=0.328px (2s)
  [A RD03        m1096350825r->m1142297886lc] N r= 32(run  32) B1  N= 2097152 kp=12825 put=   66 inl=   62 SUCCESS    geom=CONSISTENT W cons=0.313px (2s)
  [A RD03        m1096350825r->m1142297886lc] X r=  8(run   4) B1  N=  131072 kp=  809 put=  493 inl=  489 SUCCESS    geom=CONSISTENT W cons=0.155px (2s)
  [A RD03        m1096350825r->m1142297886lc] X r= 16(run   8) B1  N=   32768 kp=  285 put=  160 inl=  157 SUCCESS    geom=CONSISTENT W cons=0.080px (0s)
  [A RD03        m1096350825r->m1142297886lc] X r= 32(run  16) B1  N=    8192 kp=  126 put=   58 inl=   58 SUCCESS    geom=CONSISTENT W cons=0.089px (0s)
  [A RD03        m1096350825r->m1142297886lc] X r= 64(run  32) B1  N=    2048 kp=   22 put=   12 inl=   12 SUCCESS    geom=CONSISTENT W cons=nanpx (0s)
  [A RD03        m1096350825r->m1142297886lc] X r=128(run  64) B1  N=     512 kp=    3 put=    2 inl=    0 fail       geom=no transform cons=nanpx (0s)
  [A RD03        m1096350825r->m1142297886lc] X r=320(run 160) B1  N=      72 kp=    0 put=    0 inl=    0 fail       geom=no transform cons=nanpx (0s)
  [A RD03        m1096350825r] SELF r=  4 N=  519689 inl= 3192 shift_err=0.0033px
  [A RD03        m1096350825r] SELF r=  8 N=  128777 inl= 1165 shift_err=0.0026px
  [A RD03        m1096350825r] SELF r= 16 N=   31625 inl=  467 shift_err=0.0047px
  [A RD03        m1096350825r] SELF r= 32 N=    7625 inl=   76 shift_err=0.0128px
  [A RD03        m1096350825r] SELF r= 64 N=    1769 inl=    0 shift_err=nanpx
  [A RD03        m1096350825r] SELF r=128 N=     377 inl=    0 shift_err=nanpx
  [A RD03        m1096350825r] SELF r=320 N=      27 inl=    0 shift_err=nanpx
  [A RD03        m1199981485r->m1142297886lc] D r=  4(run   4) B1  N=  524288 kp= 3315 put=   26 inl=    3 fail       geom=INCONSISTENT cons=nanpx (5s)
  [A RD03        m1199981485r->m1142297886lc] D r=  8(run   8) B1  N=  131072 kp= 1191 put=   12 inl=    3 fail       geom=INCONSISTENT cons=nanpx (1s)
  [A RD03        m1199981485r->m1142297886lc] D r=  8(run   8) B4L N=  131072 kp= 1799 put=   89 inl=   43 SUCCESS    geom=CONSISTENT W cons=247.613px (5s)
  [A RD03        m1199981485r->m1142297886lc] D r= 16(run  16) B1  N=   32768 kp=  493 put=    8 inl=    3 fail       geom=INCONSISTENT cons=nanpx (0s)
  [A RD03        m1199981485r->m1142297886lc] D r= 16(run  16) B4L N=   32768 kp=  422 put=   15 inl=    4 fail       geom=INCONSISTENT cons=nanpx (1s)
  [A RD03        m1199981485r->m1142297886lc] D r= 32(run  32) B1  N=    8192 kp=  159 put=    3 inl=    3 fail       geom=INCONSISTENT cons=nanpx (0s)
  [A RD03        m1199981485r->m1142297886lc] D r= 32(run  32) B4L N=    8192 kp=   99 put=   18 inl=   10 SUCCESS    geom=INCONCLUSIVE cons=59.127px (0s)
  [A RD03        m1199981485r->m1142297886lc] D r= 64(run  64) B1  N=    2048 kp=   19 put=    2 inl=    0 fail       geom=no transform cons=nanpx (0s)
  [A RD03        m1199981485r->m1142297886lc] D r= 64(run  64) B4L N=    2048 kp=   20 put=    8 inl=    5 fail       geom=INCONSISTENT cons=nanpx (0s)
  [A RD03        m1199981485r->m1142297886lc] D r=128(run 128) B1  N=     512 kp=    3 put=    1 inl=    0 fail       geom=no transform cons=nanpx (0s)
  [A RD03        m1199981485r->m1142297886lc] D r=128(run 128) B4L N=     512 kp=    5 put=    0 inl=    0 fail       geom=no transform cons=nanpx (0s)
  [A RD03        m1199981485r->m1142297886lc] D r=320(run 320) B1  N=      72 kp=    0 put=    0 inl=    0 fail       geom=no transform cons=nanpx (0s)
    !! B4L raised on (12, 6) vs (12, 6): ValueError: Expected more than 1 spatial element when training, got input size torch.Size([1, 64, 1, 1])
  [A RD03        m1199981485r->m1142297886lc] D r=320(run 320) B4L ENGINE-ERROR N=      72 kp=    0 put=    0 inl=    0 fail       geom=no transform cons=nanpx (0s)
  [A RD03        m1199981485r->m1142297886lc] N r=  4(run   4) B1  N= 2097152 kp=11872 put=   55 inl=    4 fail       geom=INCONSISTENT cons=nanpx (12s)
  [A RD03        m1199981485r->m1142297886lc] N r=  8(run   8) B1  N= 2097152 kp=11872 put=   55 inl=    4 fail       geom=INCONSISTENT cons=nanpx (9s)
  [A RD03        m1199981485r->m1142297886lc] N r= 16(run  16) B1  N= 2097152 kp=11872 put=   27 inl=    4 fail       geom=INCONSISTENT cons=nanpx (3s)
  [A RD03        m1199981485r->m1142297886lc] N r= 32(run  32) B1  N= 2097152 kp=11872 put=   22 inl=    4 fail       geom=INCONCLUSIVE cons=nanpx (2s)
  [A RD03        m1199981485r->m1142297886lc] X r=  8(run   4) B1  N=  131072 kp= 1379 put=   15 inl=    4 fail       geom=INCONSISTENT cons=nanpx (0s)
  [A RD03        m1199981485r->m1142297886lc] X r= 16(run   8) B1  N=   32768 kp=  451 put=   11 inl=    5 fail       geom=INCONCLUSIVE cons=nanpx (0s)
  [A RD03        m1199981485r->m1142297886lc] X r= 32(run  16) B1  N=    8192 kp=  171 put=    2 inl=    0 fail       geom=no transform cons=nanpx (0s)
  [A RD03        m1199981485r->m1142297886lc] X r= 64(run  32) B1  N=    2048 kp=   50 put=    1 inl=    0 fail       geom=no transform cons=nanpx (0s)
  [A RD03        m1199981485r->m1142297886lc] X r=128(run  64) B1  N=     512 kp=    4 put=    0 inl=    0 fail       geom=no transform cons=nanpx (0s)
  [A RD03        m1199981485r->m1142297886lc] X r=320(run 160) B1  N=      72 kp=    1 put=    0 inl=    0 fail       geom=no transform cons=nanpx (0s)
  [A RD03        m1199981485r] SELF r=  4 N=  519689 inl= 3021 shift_err=0.2723px
  [A RD03        m1199981485r] SELF r=  8 N=  128777 inl= 1074 shift_err=0.0067px
  [A RD03        m1199981485r] SELF r= 16 N=   31625 inl=  412 shift_err=0.0058px
  [A RD03        m1199981485r] SELF r= 32 N=    7625 inl=  111 shift_err=0.0064px
  [A RD03        m1199981485r] SELF r= 64 N=    1769 inl=   11 shift_err=0.3562px
  [A RD03        m1199981485r] SELF r=128 N=     377 inl=    0 shift_err=nanpx
  [A RD03        m1199981485r] SELF r=320 N=      27 inl=    0 shift_err=nanpx
  [A RD03        m1335207975r->m1142297886lc] D r=  4(run   4) B1  N=  524288 kp= 3043 put=   21 inl=    3 fail       geom=INCONSISTENT cons=nanpx (2s)
  [A RD03        m1335207975r->m1142297886lc] D r=  8(run   8) B1  N=  131072 kp=  998 put=   12 inl=    3 fail       geom=INCONSISTENT cons=nanpx (1s)
  [A RD03        m1335207975r->m1142297886lc] D r=  8(run   8) B4L N=  131072 kp= 1738 put=    9 inl=    3 fail       geom=INCONSISTENT cons=nanpx (5s)
  [A RD03        m1335207975r->m1142297886lc] D r= 16(run  16) B1  N=   32768 kp=  396 put=    9 inl=    3 fail       geom=INCONSISTENT cons=nanpx (0s)
  [A RD03        m1335207975r->m1142297886lc] D r= 16(run  16) B4L N=   32768 kp=  394 put=   36 inl=    9 WRONG-PASS geom=INCONSISTENT cons=nanpx (1s)
  [A RD03        m1335207975r->m1142297886lc] D r= 32(run  32) B1  N=    8192 kp=  144 put=    4 inl=    3 fail       geom=INCONSISTENT cons=nanpx (0s)
  [A RD03        m1335207975r->m1142297886lc] D r= 32(run  32) B4L N=    8192 kp=  100 put=   16 inl=    9 SUCCESS    geom=INCONCLUSIVE cons=53.689px (0s)
  [A RD03        m1335207975r->m1142297886lc] D r= 64(run  64) B1  N=    2048 kp=   18 put=    3 inl=    3 fail       geom=INCONSISTENT cons=nanpx (0s)
  [A RD03        m1335207975r->m1142297886lc] D r= 64(run  64) B4L N=    2048 kp=   20 put=    7 inl=    6 fail       geom=CONSISTENT W cons=nanpx (0s)
  [A RD03        m1335207975r->m1142297886lc] D r=128(run 128) B1  N=     512 kp=    2 put=    1 inl=    0 fail       geom=no transform cons=nanpx (0s)
  [A RD03        m1335207975r->m1142297886lc] D r=128(run 128) B4L N=     512 kp=    4 put=    2 inl=    0 fail       geom=no transform cons=nanpx (0s)
  [A RD03        m1335207975r->m1142297886lc] D r=320(run 320) B1  N=      72 kp=    0 put=    0 inl=    0 fail       geom=no transform cons=nanpx (0s)
    !! B4L raised on (12, 6) vs (12, 6): ValueError: Expected more than 1 spatial element when training, got input size torch.Size([1, 64, 1, 1])
  [A RD03        m1335207975r->m1142297886lc] D r=320(run 320) B4L ENGINE-ERROR N=      72 kp=    0 put=    0 inl=    0 fail       geom=no transform cons=nanpx (0s)
  [A RD03        m1335207975r->m1142297886lc] N r=  4(run   4) B1  N= 2097152 kp=12471 put=   68 inl=    4 fail       geom=INCONSISTENT cons=nanpx (13s)
  [A RD03        m1335207975r->m1142297886lc] N r=  8(run   8) B1  N= 2097152 kp=12471 put=   66 inl=    4 fail       geom=INCONSISTENT cons=nanpx (19s)
  [A RD03        m1335207975r->m1142297886lc] N r= 16(run  16) B1  N= 2097152 kp=12471 put=   32 inl=    4 fail       geom=INCONSISTENT cons=nanpx (5s)
  [A RD03        m1335207975r->m1142297886lc] N r= 32(run  32) B1  N= 2097152 kp=12471 put=   21 inl=    4 fail       geom=INCONSISTENT cons=nanpx (2s)
  [A RD03        m1335207975r->m1142297886lc] X r=  8(run   4) B1  N=  131072 kp=  417 put=    6 inl=    3 fail       geom=INCONSISTENT cons=nanpx (0s)
  [A RD03        m1335207975r->m1142297886lc] X r= 16(run   8) B1  N=   32768 kp=  130 put=    3 inl=    3 fail       geom=INCONCLUSIVE cons=nanpx (0s)
  [A RD03        m1335207975r->m1142297886lc] X r= 32(run  16) B1  N=    8192 kp=   54 put=    0 inl=    0 fail       geom=no transform cons=nanpx (0s)
  [A RD03        m1335207975r->m1142297886lc] X r= 64(run  32) B1  N=    2048 kp=   22 put=    2 inl=    0 fail       geom=no transform cons=nanpx (0s)
  [A RD03        m1335207975r->m1142297886lc] X r=128(run  64) B1  N=     512 kp=    3 put=    2 inl=    0 fail       geom=no transform cons=nanpx (0s)
  [A RD03        m1335207975r->m1142297886lc] X r=320(run 160) B1  N=      72 kp=    0 put=    0 inl=    0 fail       geom=no transform cons=nanpx (0s)
  [A RD03        m1335207975r] SELF r=  4 N=  519689 inl= 2705 shift_err=0.0018px
  [A RD03        m1335207975r] SELF r=  8 N=  128777 inl=  888 shift_err=0.0016px
  [A RD03        m1335207975r] SELF r= 16 N=   31625 inl=  347 shift_err=0.0085px
  [A RD03        m1335207975r] SELF r= 32 N=    7625 inl=  118 shift_err=0.0048px
  [A RD03        m1335207975r] SELF r= 64 N=    1769 inl=    8 shift_err=0.0734px
  [A RD03        m1335207975r] SELF r=128 N=     377 inl=    0 shift_err=nanpx
  [A RD03        m1335207975r] SELF r=320 N=      27 inl=    0 shift_err=nanpx
  [A RD04        m1299958135l->m1315225542lc] D r=  4(run   4) B1  N=  524288 kp= 4970 put= 1523 inl= 1495 SUCCESS    geom=CONSISTENT W cons=0.310px (6s)
  [A RD04        m1299958135l->m1315225542lc] D r=  8(run   8) B1  N=  131072 kp= 1665 put=  540 inl=  533 SUCCESS    geom=CONSISTENT W cons=0.158px (2s)
  [A RD04        m1299958135l->m1315225542lc] D r=  8(run   8) B4L N=  131072 kp= 2047 put= 1135 inl= 1131 SUCCESS    geom=CONSISTENT W cons=0.171px (7s)
  [A RD04        m1299958135l->m1315225542lc] D r= 16(run  16) B1  N=   32768 kp=  592 put=  212 inl=  212 SUCCESS    geom=CONSISTENT W cons=0.097px (1s)
  [A RD04        m1299958135l->m1315225542lc] D r= 16(run  16) B4L N=   32768 kp=  442 put=  252 inl=  252 SUCCESS    geom=CONSISTENT W cons=0.089px (1s)
  [A RD04        m1299958135l->m1315225542lc] D r= 32(run  32) B1  N=    8192 kp=  160 put=   55 inl=   54 SUCCESS    geom=CONSISTENT W cons=0.101px (0s)
  [A RD04        m1299958135l->m1315225542lc] D r= 32(run  32) B4L N=    8192 kp=  100 put=   57 inl=   57 SUCCESS    geom=CONSISTENT W cons=0.697px (0s)
  [A RD04        m1299958135l->m1315225542lc] D r= 64(run  64) B1  N=    2048 kp=   41 put=   13 inl=   13 SUCCESS    geom=CONSISTENT W cons=nanpx (0s)
  [A RD04        m1299958135l->m1315225542lc] D r= 64(run  64) B4L N=    2048 kp=   22 put=    8 inl=    5 fail       geom=INCONSISTENT cons=nanpx (0s)
  [A RD04        m1299958135l->m1315225542lc] D r=128(run 128) B1  N=     512 kp=   10 put=    4 inl=    4 fail       geom=CONSISTENT W cons=nanpx (0s)
  [A RD04        m1299958135l->m1315225542lc] D r=128(run 128) B4L N=     512 kp=    4 put=    1 inl=    0 fail       geom=no transform cons=nanpx (0s)
  [A RD04        m1299958135l->m1315225542lc] D r=320(run 320) B1  N=      72 kp=    1 put=    1 inl=    0 fail       geom=no transform cons=nanpx (0s)
    !! B4L raised on (12, 6) vs (12, 6): ValueError: Expected more than 1 spatial element when training, got input size torch.Size([1, 64, 1, 1])
  [A RD04        m1299958135l->m1315225542lc] D r=320(run 320) B4L ENGINE-ERROR N=      72 kp=    0 put=    0 inl=    0 fail       geom=no transform cons=nanpx (0s)
  [A RD04        m1299958135l->m1315225542lc] N r=  4(run   4) B1  N= 2097152 kp=12496 put= 1906 inl= 1872 SUCCESS    geom=CONSISTENT W cons=0.321px (10s)
  [A RD04        m1299958135l->m1315225542lc] N r=  8(run   8) B1  N= 2097152 kp=12496 put=  671 inl=  630 SUCCESS    geom=CONSISTENT W cons=0.261px (2s)
  [A RD04        m1299958135l->m1315225542lc] N r= 16(run  16) B1  N= 2097152 kp=12496 put=  287 inl=  264 SUCCESS    geom=CONSISTENT W cons=0.333px (2s)
  [A RD04        m1299958135l->m1315225542lc] N r= 32(run  32) B1  N= 2097152 kp=12496 put=  105 inl=   93 SUCCESS    geom=CONSISTENT W cons=0.369px (1s)
  [A RD04        m1299958135l->m1315225542lc] X r=  8(run   4) B1  N=  131072 kp= 1250 put=  369 inl=  363 SUCCESS    geom=CONSISTENT W cons=0.234px (1s)
  [A RD04        m1299958135l->m1315225542lc] X r= 16(run   8) B1  N=   32768 kp=  414 put=  118 inl=  115 SUCCESS    geom=CONSISTENT W cons=0.130px (0s)
  [A RD04        m1299958135l->m1315225542lc] X r= 32(run  16) B1  N=    8192 kp=  151 put=   48 inl=   48 SUCCESS    geom=CONSISTENT W cons=0.120px (0s)
  [A RD04        m1299958135l->m1315225542lc] X r= 64(run  32) B1  N=    2048 kp=   36 put=   13 inl=   13 SUCCESS    geom=CONSISTENT W cons=nanpx (0s)
  [A RD04        m1299958135l->m1315225542lc] X r=128(run  64) B1  N=     512 kp=   13 put=    4 inl=    4 fail       geom=CONSISTENT W cons=nanpx (0s)
  [A RD04        m1299958135l->m1315225542lc] X r=320(run 160) B1  N=      72 kp=    0 put=    0 inl=    0 fail       geom=no transform cons=nanpx (0s)
  [A RD04        m1299958135l] SELF r=  4 N=  519689 inl= 4436 shift_err=0.0029px
  [A RD04        m1299958135l] SELF r=  8 N=  128777 inl= 1483 shift_err=0.0044px
  [A RD04        m1299958135l] SELF r= 16 N=   31625 inl=  501 shift_err=0.0071px
  [A RD04        m1299958135l] SELF r= 32 N=    7625 inl=  116 shift_err=0.0269px
  [A RD04        m1299958135l] SELF r= 64 N=    1769 inl=   24 shift_err=0.0370px
  [A RD04        m1299958135l] SELF r=128 N=     377 inl=    3 shift_err=0.1578px
  [A RD04        m1299958135l] SELF r=320 N=      27 inl=    0 shift_err=nanpx
  [A RD04        m1299958135l->m1271742202lc] D r=  4(run   4) B1  N=  524288 kp= 4970 put= 1210 inl= 1174 SUCCESS    geom=CONSISTENT W cons=0.086px (6s)
  [A RD04        m1299958135l->m1271742202lc] D r=  8(run   8) B1  N=  131072 kp= 1665 put=  495 inl=  492 SUCCESS    geom=CONSISTENT W cons=0.130px (2s)
  [A RD04        m1299958135l->m1271742202lc] D r=  8(run   8) B4L N=  131072 kp= 2047 put= 1459 inl= 1451 SUCCESS    geom=CONSISTENT W cons=0.141px (9s)
  [A RD04        m1299958135l->m1271742202lc] D r= 16(run  16) B1  N=   32768 kp=  592 put=  204 inl=  203 SUCCESS    geom=CONSISTENT W cons=0.128px (0s)
  [A RD04        m1299958135l->m1271742202lc] D r= 16(run  16) B4L N=   32768 kp=  442 put=  305 inl=  304 SUCCESS    geom=CONSISTENT W cons=0.134px (1s)
  [A RD04        m1299958135l->m1271742202lc] D r= 32(run  32) B1  N=    8192 kp=  160 put=   55 inl=   54 SUCCESS    geom=CONSISTENT W cons=0.140px (0s)
  [A RD04        m1299958135l->m1271742202lc] D r= 32(run  32) B4L N=    8192 kp=  100 put=   73 inl=   72 SUCCESS    geom=CONSISTENT W cons=0.239px (1s)
  [A RD04        m1299958135l->m1271742202lc] D r= 64(run  64) B1  N=    2048 kp=   41 put=   19 inl=   19 SUCCESS    geom=CONSISTENT W cons=nanpx (0s)
  [A RD04        m1299958135l->m1271742202lc] D r= 64(run  64) B4L N=    2048 kp=   22 put=    3 inl=    3 fail       geom=CONSISTENT W cons=nanpx (0s)
  [A RD04        m1299958135l->m1271742202lc] D r=128(run 128) B1  N=     512 kp=   10 put=    5 inl=    5 fail       geom=CONSISTENT W cons=nanpx (0s)
  [A RD04        m1299958135l->m1271742202lc] D r=128(run 128) B4L N=     512 kp=    4 put=    2 inl=    0 fail       geom=no transform cons=nanpx (0s)
  [A RD04        m1299958135l->m1271742202lc] D r=320(run 320) B1  N=      72 kp=    1 put=    1 inl=    0 fail       geom=no transform cons=nanpx (0s)
    !! B4L raised on (12, 6) vs (12, 6): ValueError: Expected more than 1 spatial element when training, got input size torch.Size([1, 64, 1, 1])
  [A RD04        m1299958135l->m1271742202lc] D r=320(run 320) B4L ENGINE-ERROR N=      72 kp=    0 put=    0 inl=    0 fail       geom=no transform cons=nanpx (0s)
  [A RD04        m1299958135l->m1271742202lc] N r=  4(run   4) B1  N= 2097152 kp=12496 put= 1190 inl= 1121 SUCCESS    geom=CONSISTENT W cons=0.214px (7s)
  [A RD04        m1299958135l->m1271742202lc] N r=  8(run   8) B1  N= 2097152 kp=12496 put=  556 inl=  499 SUCCESS    geom=CONSISTENT W cons=0.319px (3s)
  [A RD04        m1299958135l->m1271742202lc] N r= 16(run  16) B1  N= 2097152 kp=12496 put=  240 inl=  203 SUCCESS    geom=CONSISTENT W cons=0.363px (2s)
  [A RD04        m1299958135l->m1271742202lc] N r= 32(run  32) B1  N= 2097152 kp=12496 put=   79 inl=   61 SUCCESS    geom=CONSISTENT W cons=0.367px (1s)
  [A RD04        m1299958135l->m1271742202lc] X r=  8(run   4) B1  N=  131072 kp= 1250 put=  319 inl=  308 SUCCESS    geom=CONSISTENT W cons=0.163px (1s)
  [A RD04        m1299958135l->m1271742202lc] X r= 16(run   8) B1  N=   32768 kp=  414 put=  123 inl=  120 SUCCESS    geom=CONSISTENT W cons=0.193px (0s)
  [A RD04        m1299958135l->m1271742202lc] X r= 32(run  16) B1  N=    8192 kp=  151 put=   62 inl=   61 SUCCESS    geom=CONSISTENT W cons=0.166px (0s)
  [A RD04        m1299958135l->m1271742202lc] X r= 64(run  32) B1  N=    2048 kp=   36 put=   21 inl=   21 SUCCESS    geom=CONSISTENT W cons=nanpx (1s)
  [A RD04        m1299958135l->m1271742202lc] X r=128(run  64) B1  N=     512 kp=   13 put=    9 inl=    9 SUCCESS    geom=CONSISTENT W cons=nanpx (0s)
  [A RD04        m1299958135l->m1271742202lc] X r=320(run 160) B1  N=      72 kp=    0 put=    0 inl=    0 fail       geom=no transform cons=nanpx (0s)
  [A RD04        m1299958135l] SELF r=  4 N=  519689 inl= 4436 shift_err=0.0029px
  [A RD04        m1299958135l] SELF r=  8 N=  128777 inl= 1483 shift_err=0.0044px
  [A RD04        m1299958135l] SELF r= 16 N=   31625 inl=  501 shift_err=0.0071px
  [A RD04        m1299958135l] SELF r= 32 N=    7625 inl=  116 shift_err=0.0269px
  [A RD04        m1299958135l] SELF r= 64 N=    1769 inl=   24 shift_err=0.0370px
  [A RD04        m1299958135l] SELF r=128 N=     377 inl=    3 shift_err=0.1578px
  [A RD04        m1299958135l] SELF r=320 N=      27 inl=    0 shift_err=nanpx
  [A RD04        m1315225542l->m1271742202lc] D r=  4(run   4) B1  N=  524288 kp= 3825 put= 1379 inl= 1355 SUCCESS    geom=CONSISTENT W cons=0.190px (5s)
  [A RD04        m1315225542l->m1271742202lc] D r=  8(run   8) B1  N=  131072 kp= 1257 put=  517 inl=  512 SUCCESS    geom=CONSISTENT W cons=0.109px (1s)
  [A RD04        m1315225542l->m1271742202lc] D r=  8(run   8) B4L N=  131072 kp= 1924 put= 1419 inl= 1416 SUCCESS    geom=CONSISTENT W cons=0.105px (8s)
  [A RD04        m1315225542l->m1271742202lc] D r= 16(run  16) B1  N=   32768 kp=  438 put=  206 inl=  206 SUCCESS    geom=CONSISTENT W cons=0.089px (1s)
  [A RD04        m1315225542l->m1271742202lc] D r= 16(run  16) B4L N=   32768 kp=  438 put=  317 inl=  316 SUCCESS    geom=CONSISTENT W cons=0.116px (2s)
  [A RD04        m1315225542l->m1271742202lc] D r= 32(run  32) B1  N=    8192 kp=  145 put=   71 inl=   70 SUCCESS    geom=CONSISTENT W cons=0.114px (0s)
  [A RD04        m1315225542l->m1271742202lc] D r= 32(run  32) B4L N=    8192 kp=  107 put=   78 inl=   78 SUCCESS    geom=CONSISTENT W cons=0.323px (0s)
  [A RD04        m1315225542l->m1271742202lc] D r= 64(run  64) B1  N=    2048 kp=   36 put=   16 inl=   16 SUCCESS    geom=CONSISTENT W cons=nanpx (0s)
  [A RD04        m1315225542l->m1271742202lc] D r= 64(run  64) B4L N=    2048 kp=   18 put=    5 inl=    4 fail       geom=INCONSISTENT cons=nanpx (0s)
  [A RD04        m1315225542l->m1271742202lc] D r=128(run 128) B1  N=     512 kp=    9 put=    7 inl=    7 fail       geom=CONSISTENT W cons=nanpx (0s)
  [A RD04        m1315225542l->m1271742202lc] D r=128(run 128) B4L N=     512 kp=    3 put=    3 inl=    3 fail       geom=INCONSISTENT cons=nanpx (0s)
  [A RD04        m1315225542l->m1271742202lc] D r=320(run 320) B1  N=      72 kp=    1 put=    1 inl=    0 fail       geom=no transform cons=nanpx (0s)
    !! B4L raised on (12, 6) vs (12, 6): ValueError: Expected more than 1 spatial element when training, got input size torch.Size([1, 64, 1, 1])
  [A RD04        m1315225542l->m1271742202lc] D r=320(run 320) B4L ENGINE-ERROR N=      72 kp=    0 put=    0 inl=    0 fail       geom=no transform cons=nanpx (0s)
  [A RD04        m1315225542l->m1271742202lc] N r=  4(run   4) B1  N= 2097152 kp= 9539 put= 1120 inl= 1078 SUCCESS    geom=CONSISTENT W cons=0.320px (4s)
  [A RD04        m1315225542l->m1271742202lc] N r=  8(run   8) B1  N= 2097152 kp= 9539 put=  487 inl=  441 SUCCESS    geom=CONSISTENT W cons=0.310px (3s)
  [A RD04        m1315225542l->m1271742202lc] N r= 16(run  16) B1  N= 2097152 kp= 9539 put=  209 inl=  175 SUCCESS    geom=CONSISTENT W cons=0.368px (5s)
  [A RD04        m1315225542l->m1271742202lc] N r= 32(run  32) B1  N= 2097152 kp= 9539 put=   80 inl=   63 SUCCESS    geom=CONSISTENT W cons=0.419px (1s)
  [A RD04        m1315225542l->m1271742202lc] X r=  8(run   4) B1  N=  131072 kp=  893 put=  330 inl=  326 SUCCESS    geom=CONSISTENT W cons=0.097px (1s)
  [A RD04        m1315225542l->m1271742202lc] X r= 16(run   8) B1  N=   32768 kp=  287 put=  118 inl=  117 SUCCESS    geom=CONSISTENT W cons=0.091px (0s)
  [A RD04        m1315225542l->m1271742202lc] X r= 32(run  16) B1  N=    8192 kp=   97 put=   51 inl=   51 SUCCESS    geom=CONSISTENT W cons=0.070px (0s)
  [A RD04        m1315225542l->m1271742202lc] X r= 64(run  32) B1  N=    2048 kp=   44 put=   23 inl=   23 SUCCESS    geom=CONSISTENT W cons=nanpx (0s)
  [A RD04        m1315225542l->m1271742202lc] X r=128(run  64) B1  N=     512 kp=    6 put=    4 inl=    4 fail       geom=CONSISTENT W cons=nanpx (0s)
  [A RD04        m1315225542l->m1271742202lc] X r=320(run 160) B1  N=      72 kp=    0 put=    0 inl=    0 fail       geom=no transform cons=nanpx (0s)
  [A RD04        m1315225542l] SELF r=  4 N=  519689 inl= 3480 shift_err=0.2592px
  [A RD04        m1315225542l] SELF r=  8 N=  128777 inl= 1149 shift_err=0.0067px
  [A RD04        m1315225542l] SELF r= 16 N=   31625 inl=  360 shift_err=0.0033px
  [A RD04        m1315225542l] SELF r= 32 N=    7625 inl=  124 shift_err=0.0280px
  [A RD04        m1315225542l] SELF r= 64 N=    1769 inl=   23 shift_err=0.0347px
  [A RD04        m1315225542l] SELF r=128 N=     377 inl=    0 shift_err=nanpx
  [A RD04        m1315225542l] SELF r=320 N=      27 inl=    0 shift_err=nanpx
  [A RD04        m1271742202l->m1341069775rc] D r=  4(run   4) B1  N=  524288 kp= 3897 put=   95 inl=   52 SUCCESS    geom=CONSISTENT W cons=0.353px (2s)
  [A RD04        m1271742202l->m1341069775rc] D r=  8(run   8) B1  N=  131072 kp= 1345 put=   65 inl=   49 SUCCESS    geom=CONSISTENT W cons=0.488px (1s)
  [A RD04        m1271742202l->m1341069775rc] D r=  8(run   8) B4L N=  131072 kp= 1946 put= 1327 inl= 1292 SUCCESS    geom=CONSISTENT W cons=0.636px (12s)
  [A RD04        m1271742202l->m1341069775rc] D r= 16(run  16) B1  N=   32768 kp=  495 put=   33 inl=   26 SUCCESS    geom=CONSISTENT W cons=1.068px (1s)
  [A RD04        m1271742202l->m1341069775rc] D r= 16(run  16) B4L N=   32768 kp=  405 put=  269 inl=  253 SUCCESS    geom=CONSISTENT W cons=0.583px (2s)
  [A RD04        m1271742202l->m1341069775rc] D r= 32(run  32) B1  N=    8192 kp=  152 put=   18 inl=   16 SUCCESS    geom=CONSISTENT W cons=0.297px (0s)
  [A RD04        m1271742202l->m1341069775rc] D r= 32(run  32) B4L N=    8192 kp=  110 put=   74 inl=   71 SUCCESS    geom=CONSISTENT W cons=0.633px (1s)
  [A RD04        m1271742202l->m1341069775rc] D r= 64(run  64) B1  N=    2048 kp=   34 put=   12 inl=   12 SUCCESS    geom=CONSISTENT W cons=nanpx (0s)
  [A RD04        m1271742202l->m1341069775rc] D r= 64(run  64) B4L N=    2048 kp=   18 put=    8 inl=    6 fail       geom=INCONCLUSIVE cons=nanpx (1s)
  [A RD04        m1271742202l->m1341069775rc] D r=128(run 128) B1  N=     512 kp=   10 put=    2 inl=    0 fail       geom=no transform cons=nanpx (0s)
  [A RD04        m1271742202l->m1341069775rc] D r=128(run 128) B4L N=     512 kp=    6 put=    2 inl=    0 fail       geom=no transform cons=nanpx (0s)
  [A RD04        m1271742202l->m1341069775rc] D r=320(run 320) B1  N=      72 kp=    1 put=    0 inl=    0 fail       geom=no transform cons=nanpx (0s)
    !! B4L raised on (12, 6) vs (12, 6): ValueError: Expected more than 1 spatial element when training, got input size torch.Size([1, 64, 1, 1])
  [A RD04        m1271742202l->m1341069775rc] D r=320(run 320) B4L ENGINE-ERROR N=      72 kp=    0 put=    0 inl=    0 fail       geom=no transform cons=nanpx (0s)
  [A RD04        m1271742202l->m1341069775rc] N r=  4(run   4) B1  N= 2097152 kp=10725 put=  140 inl=   49 SUCCESS    geom=CONSISTENT W cons=0.311px (3s)
  [A RD04        m1271742202l->m1341069775rc] N r=  8(run   8) B1  N= 2097152 kp=10725 put=  138 inl=   40 SUCCESS    geom=CONSISTENT W cons=0.304px (2s)
  [A RD04        m1271742202l->m1341069775rc] N r= 16(run  16) B1  N= 2097152 kp=10725 put=   81 inl=   26 SUCCESS    geom=CONSISTENT W cons=0.298px (2s)
  [A RD04        m1271742202l->m1341069775rc] N r= 32(run  32) B1  N= 2097152 kp=10725 put=   50 inl=   12 SUCCESS    geom=CONSISTENT W cons=0.245px (2s)
  [A RD04        m1271742202l->m1341069775rc] X r=  8(run   4) B1  N=  131072 kp=  972 put=   27 inl=   14 SUCCESS    geom=CONSISTENT W cons=0.821px (0s)
  [A RD04        m1271742202l->m1341069775rc] X r= 16(run   8) B1  N=   32768 kp=  325 put=   17 inl=   13 SUCCESS    geom=CONSISTENT W cons=0.534px (0s)
  [A RD04        m1271742202l->m1341069775rc] X r= 32(run  16) B1  N=    8192 kp=  140 put=   14 inl=   10 SUCCESS    geom=CONSISTENT W cons=1.334px (0s)
  [A RD04        m1271742202l->m1341069775rc] X r= 64(run  32) B1  N=    2048 kp=   47 put=    7 inl=    7 fail       geom=CONSISTENT W cons=nanpx (0s)
  [A RD04        m1271742202l->m1341069775rc] X r=128(run  64) B1  N=     512 kp=    9 put=    6 inl=    6 fail       geom=CONSISTENT W cons=nanpx (0s)
  [A RD04        m1271742202l->m1341069775rc] X r=320(run 160) B1  N=      72 kp=    0 put=    0 inl=    0 fail       geom=no transform cons=nanpx (0s)
  [A RD04        m1271742202l] SELF r=  4 N=  519689 inl= 3471 shift_err=0.0045px
  [A RD04        m1271742202l] SELF r=  8 N=  128777 inl= 1180 shift_err=0.0084px
  [A RD04        m1271742202l] SELF r= 16 N=   31625 inl=  432 shift_err=0.0127px
  [A RD04        m1271742202l] SELF r= 32 N=    7625 inl=  101 shift_err=0.0132px
  [A RD04        m1271742202l] SELF r= 64 N=    1769 inl=   13 shift_err=0.0287px
  [A RD04        m1271742202l] SELF r=128 N=     377 inl=    6 shift_err=1.4307px
  [A RD04        m1271742202l] SELF r=320 N=      27 inl=    0 shift_err=nanpx
  [A RD04        m1212932972l->m1363396554rc] D r=  4(run   4) B1  N=  524288 kp= 4157 put=  803 inl=  780 SUCCESS    geom=CONSISTENT W cons=0.320px (4s)
  [A RD04        m1212932972l->m1363396554rc] D r=  8(run   8) B1  N=  131072 kp= 1501 put=  295 inl=  288 SUCCESS    geom=CONSISTENT W cons=0.170px (1s)
  [A RD04        m1212932972l->m1363396554rc] D r=  8(run   8) B4L N=  131072 kp= 1918 put= 1259 inl= 1254 SUCCESS    geom=CONSISTENT W cons=0.183px (7s)
  [A RD04        m1212932972l->m1363396554rc] D r= 16(run  16) B1  N=   32768 kp=  537 put=  107 inl=  104 SUCCESS    geom=CONSISTENT W cons=0.117px (0s)
  [A RD04        m1212932972l->m1363396554rc] D r= 16(run  16) B4L N=   32768 kp=  398 put=  218 inl=  217 SUCCESS    geom=CONSISTENT W cons=0.124px (2s)
  [A RD04        m1212932972l->m1363396554rc] D r= 32(run  32) B1  N=    8192 kp=  167 put=   34 inl=   32 SUCCESS    geom=CONSISTENT W cons=0.053px (0s)
  [A RD04        m1212932972l->m1363396554rc] D r= 32(run  32) B4L N=    8192 kp=   87 put=   46 inl=   45 SUCCESS    geom=CONSISTENT W cons=0.277px (1s)
  [A RD04        m1212932972l->m1363396554rc] D r= 64(run  64) B1  N=    2048 kp=   40 put=    5 inl=    5 fail       geom=CONSISTENT W cons=nanpx (0s)
  [A RD04        m1212932972l->m1363396554rc] D r= 64(run  64) B4L N=    2048 kp=   25 put=   11 inl=   10 SUCCESS    geom=CONSISTENT W cons=nanpx (1s)
  [A RD04        m1212932972l->m1363396554rc] D r=128(run 128) B1  N=     512 kp=    6 put=    1 inl=    0 fail       geom=no transform cons=nanpx (0s)
  [A RD04        m1212932972l->m1363396554rc] D r=128(run 128) B4L N=     512 kp=    3 put=    1 inl=    0 fail       geom=no transform cons=nanpx (0s)
  [A RD04        m1212932972l->m1363396554rc] D r=320(run 320) B1  N=      72 kp=    1 put=    0 inl=    0 fail       geom=no transform cons=nanpx (0s)
    !! B4L raised on (12, 6) vs (12, 6): ValueError: Expected more than 1 spatial element when training, got input size torch.Size([1, 64, 1, 1])
  [A RD04        m1212932972l->m1363396554rc] D r=320(run 320) B4L ENGINE-ERROR N=      72 kp=    0 put=    0 inl=    0 fail       geom=no transform cons=nanpx (0s)
  [A RD04        m1212932972l->m1363396554rc] N r=  4(run   4) B1  N= 2097152 kp=12046 put=  744 inl=  692 SUCCESS    geom=CONSISTENT W cons=0.383px (4s)
  [A RD04        m1212932972l->m1363396554rc] N r=  8(run   8) B1  N= 2097152 kp=12046 put=  275 inl=  230 SUCCESS    geom=CONSISTENT W cons=0.336px (2s)
  [A RD04        m1212932972l->m1363396554rc] N r= 16(run  16) B1  N= 2097152 kp=12046 put=  111 inl=   83 SUCCESS    geom=CONSISTENT W cons=0.457px (1s)
  [A RD04        m1212932972l->m1363396554rc] N r= 32(run  32) B1  N= 2097152 kp=12046 put=   49 inl=   29 SUCCESS    geom=CONSISTENT W cons=0.444px (1s)
  [A RD04        m1212932972l->m1363396554rc] X r=  8(run   4) B1  N=  131072 kp= 1310 put=  366 inl=  361 SUCCESS    geom=CONSISTENT W cons=0.215px (1s)
  [A RD04        m1212932972l->m1363396554rc] X r= 16(run   8) B1  N=   32768 kp=  448 put=  123 inl=  118 SUCCESS    geom=CONSISTENT W cons=0.200px (0s)
  [A RD04        m1212932972l->m1363396554rc] X r= 32(run  16) B1  N=    8192 kp=  151 put=   34 inl=   34 SUCCESS    geom=CONSISTENT W cons=0.066px (0s)
  [A RD04        m1212932972l->m1363396554rc] X r= 64(run  32) B1  N=    2048 kp=   33 put=    8 inl=    8 fail       geom=CONSISTENT W cons=nanpx (0s)
  [A RD04        m1212932972l->m1363396554rc] X r=128(run  64) B1  N=     512 kp=    8 put=    0 inl=    0 fail       geom=no transform cons=nanpx (0s)
  [A RD04        m1212932972l->m1363396554rc] X r=320(run 160) B1  N=      72 kp=    0 put=    0 inl=    0 fail       geom=no transform cons=nanpx (0s)
  [A RD04        m1212932972l] SELF r=  4 N=  519689 inl= 3720 shift_err=0.0043px
  [A RD04        m1212932972l] SELF r=  8 N=  128777 inl= 1265 shift_err=0.0031px
  [A RD04        m1212932972l] SELF r= 16 N=   31625 inl=  457 shift_err=0.0081px
  [A RD04        m1212932972l] SELF r= 32 N=    7625 inl=  122 shift_err=0.0162px
  [A RD04        m1212932972l] SELF r= 64 N=    1769 inl=   21 shift_err=0.0700px
  [A RD04        m1212932972l] SELF r=128 N=     377 inl=    0 shift_err=nanpx
  [A RD04        m1212932972l] SELF r=320 N=      27 inl=    0 shift_err=nanpx
  [A RD04        m1341069775r->m1212932972lc] D r=  4(run   4) B1  N=  524288 kp= 4209 put=   44 inl=   13 SUCCESS    geom=CONSISTENT W cons=0.989px (1s)
  [A RD04        m1341069775r->m1212932972lc] D r=  8(run   8) B1  N=  131072 kp= 1449 put=   31 inl=   15 SUCCESS    geom=CONSISTENT W cons=0.467px (0s)
  [A RD04        m1341069775r->m1212932972lc] D r=  8(run   8) B4L N=  131072 kp= 1905 put= 1116 inl=  994 SUCCESS    geom=CONSISTENT W cons=1.634px (10s)
  [A RD04        m1341069775r->m1212932972lc] D r= 16(run  16) B1  N=   32768 kp=  509 put=   13 inl=    8 fail       geom=CONSISTENT W cons=nanpx (0s)
  [A RD04        m1341069775r->m1212932972lc] D r= 16(run  16) B4L N=   32768 kp=  430 put=  205 inl=  184 SUCCESS    geom=INCONCLUSIVE cons=2.318px (1s)
  [A RD04        m1341069775r->m1212932972lc] D r= 32(run  32) B1  N=    8192 kp=  161 put=    9 inl=    8 fail       geom=CONSISTENT W cons=nanpx (0s)
  [A RD04        m1341069775r->m1212932972lc] D r= 32(run  32) B4L N=    8192 kp=  105 put=   37 inl=   32 SUCCESS    geom=INCONCLUSIVE cons=1.303px (1s)
  [A RD04        m1341069775r->m1212932972lc] D r= 64(run  64) B1  N=    2048 kp=   44 put=    8 inl=    7 fail       geom=CONSISTENT W cons=nanpx (0s)
  [A RD04        m1341069775r->m1212932972lc] D r= 64(run  64) B4L N=    2048 kp=   19 put=    3 inl=    3 fail       geom=INCONCLUSIVE cons=nanpx (0s)
  [A RD04        m1341069775r->m1212932972lc] D r=128(run 128) B1  N=     512 kp=    4 put=    1 inl=    0 fail       geom=no transform cons=nanpx (0s)
  [A RD04        m1341069775r->m1212932972lc] D r=128(run 128) B4L N=     512 kp=    4 put=    1 inl=    0 fail       geom=no transform cons=nanpx (0s)
  [A RD04        m1341069775r->m1212932972lc] D r=320(run 320) B1  N=      72 kp=    0 put=    0 inl=    0 fail       geom=no transform cons=nanpx (0s)
    !! B4L raised on (12, 6) vs (12, 6): ValueError: Expected more than 1 spatial element when training, got input size torch.Size([1, 64, 1, 1])
  [A RD04        m1341069775r->m1212932972lc] D r=320(run 320) B4L ENGINE-ERROR N=      72 kp=    0 put=    0 inl=    0 fail       geom=no transform cons=nanpx (0s)
  [A RD04        m1341069775r->m1212932972lc] N r=  4(run   4) B1  N= 2097152 kp=13585 put=   82 inl=   11 SUCCESS    geom=CONSISTENT W cons=0.614px (6s)
  [A RD04        m1341069775r->m1212932972lc] N r=  8(run   8) B1  N= 2097152 kp=13585 put=   86 inl=    9 SUCCESS    geom=CONSISTENT W cons=2.232px (8s)
  [A RD04        m1341069775r->m1212932972lc] N r= 16(run  16) B1  N= 2097152 kp=13585 put=   64 inl=    7 fail       geom=CONSISTENT W cons=nanpx (6s)
  [A RD04        m1341069775r->m1212932972lc] N r= 32(run  32) B1  N= 2097152 kp=13585 put=   44 inl=    6 fail       geom=INCONSISTENT cons=nanpx (4s)
  [A RD04        m1341069775r->m1212932972lc] X r=  8(run   4) B1  N=  131072 kp= 1317 put=   20 inl=    6 fail       geom=INCONCLUSIVE cons=nanpx (0s)
  [A RD04        m1341069775r->m1212932972lc] X r= 16(run   8) B1  N=   32768 kp=  430 put=   15 inl=    7 fail       geom=INCONCLUSIVE cons=nanpx (0s)
  [A RD04        m1341069775r->m1212932972lc] X r= 32(run  16) B1  N=    8192 kp=  141 put=   16 inl=    9 SUCCESS    geom=INCONCLUSIVE cons=0.785px (0s)
  [A RD04        m1341069775r->m1212932972lc] X r= 64(run  32) B1  N=    2048 kp=   43 put=    7 inl=    6 fail       geom=CONSISTENT W cons=nanpx (0s)
  [A RD04        m1341069775r->m1212932972lc] X r=128(run  64) B1  N=     512 kp=   10 put=    5 inl=    5 fail       geom=CONSISTENT W cons=nanpx (0s)
  [A RD04        m1341069775r->m1212932972lc] X r=320(run 160) B1  N=      72 kp=    0 put=    0 inl=    0 fail       geom=no transform cons=nanpx (0s)
  [A RD04        m1341069775r] SELF r=  4 N=  519689 inl= 3855 shift_err=0.0046px
  [A RD04        m1341069775r] SELF r=  8 N=  128777 inl= 1257 shift_err=0.0075px
  [A RD04        m1341069775r] SELF r= 16 N=   31625 inl=  424 shift_err=0.0104px
  [A RD04        m1341069775r] SELF r= 32 N=    7625 inl=  124 shift_err=0.0108px
  [A RD04        m1341069775r] SELF r= 64 N=    1769 inl=   22 shift_err=0.1184px
  [A RD04        m1341069775r] SELF r=128 N=     377 inl=    0 shift_err=nanpx
  [A RD04        m1341069775r] SELF r=320 N=      27 inl=    0 shift_err=nanpx
  [B RD03-target m1335207975r->m1452560468lc] D r=  4(run   4) B1  N= 3889152 kp=18889 put=12079 inl=12062 SUCCESS    geom=INCONCLUSIVE cons=0.422px (53s)
  [B RD03-target m1335207975r->m1452560468lc] D r=  8(run   8) B1  N=  972288 kp= 5898 put= 3775 inl= 3768 SUCCESS    geom=INCONCLUSIVE cons=0.205px (13s)
  [B RD03-target m1335207975r->m1452560468lc] D r=  8(run   8) B4L N=  972288 kp= 4096 put= 3126 inl= 3123 SUCCESS    geom=INCONCLUSIVE cons=0.183px (30s)
  [B RD03-target m1335207975r->m1452560468lc] D r= 16(run  16) B1  N=  242688 kp= 2528 put= 1626 inl= 1622 SUCCESS    geom=INCONCLUSIVE cons=0.098px (4s)
  [B RD03-target m1335207975r->m1452560468lc] D r= 16(run  16) B4L N=  242688 kp= 3251 put= 2680 inl= 2673 SUCCESS    geom=INCONCLUSIVE cons=0.088px (16s)
  [B RD03-target m1335207975r->m1452560468lc] D r= 32(run  32) B1  N=   60672 kp= 1109 put=  734 inl=  734 SUCCESS    geom=INCONCLUSIVE cons=0.037px (1s)
  [B RD03-target m1335207975r->m1452560468lc] D r= 32(run  32) B4L N=   60672 kp=  797 put=  636 inl=  636 SUCCESS    geom=INCONCLUSIVE cons=0.034px (3s)
  [B RD03-target m1335207975r->m1452560468lc] D r= 64(run  64) B1  N=   15168 kp=  157 put=  104 inl=  104 SUCCESS    geom=INCONCLUSIVE cons=0.052px (0s)
  [B RD03-target m1335207975r->m1452560468lc] D r= 64(run  64) B4L N=   15168 kp=  217 put=  163 inl=  163 SUCCESS    geom=INCONCLUSIVE cons=0.219px (0s)
  [B RD03-target m1335207975r->m1452560468lc] D r=128(run 128) B1  N=    3744 kp=   15 put=    8 inl=    7 fail       geom=INCONCLUSIVE cons=nanpx (0s)
  [B RD03-target m1335207975r->m1452560468lc] D r=128(run 128) B4L N=    3744 kp=   54 put=   31 inl=   31 SUCCESS    geom=INCONCLUSIVE cons=0.303px (0s)
  [B RD03-target m1335207975r->m1452560468lc] D r=320(run 320) B1  N=     570 kp=    9 put=    7 inl=    7 fail       geom=INCONCLUSIVE cons=nanpx (0s)
  [B RD03-target m1335207975r->m1452560468lc] D r=320(run 320) B4L N=     570 kp=    5 put=    4 inl=    4 fail       geom=INCONCLUSIVE cons=nanpx (0s)
  [B RD03-target m1335207975r->m1452560468lc] N r=  4(run   4) B1  N=15556608 kp=84868 put=11831 inl=11722 SUCCESS    geom=CONSISTENT W cons=0.492px (55s)
  [B RD03-target m1335207975r->m1452560468lc] N r=  8(run   8) B1  N=15556608 kp=84868 put= 3439 inl= 3326 SUCCESS    geom=CONSISTENT W cons=0.334px (22s)
  [B RD03-target m1335207975r->m1452560468lc] N r= 16(run  16) B1  N=15556608 kp=84868 put= 1496 inl= 1420 SUCCESS    geom=CONSISTENT W cons=0.299px (13s)
  [B RD03-target m1335207975r->m1452560468lc] N r= 32(run  32) B1  N=15556608 kp=84868 put=  697 inl=  649 SUCCESS    geom=CONSISTENT W cons=0.317px (8s)
  [B RD03-target m1335207975r->m1452560468lc] X r=  8(run   4) B1  N=  972288 kp= 4426 put= 2705 inl= 2699 SUCCESS    geom=INCONCLUSIVE cons=0.177px (9s)
  [B RD03-target m1335207975r->m1452560468lc] X r= 16(run   8) B1  N=  242688 kp= 1439 put=  925 inl=  922 SUCCESS    geom=INCONCLUSIVE cons=0.084px (2s)
  [B RD03-target m1335207975r->m1452560468lc] X r= 32(run  16) B1  N=   60672 kp=  563 put=  356 inl=  356 SUCCESS    geom=INCONCLUSIVE cons=0.058px (1s)
  [B RD03-target m1335207975r->m1452560468lc] X r= 64(run  32) B1  N=   15168 kp=  242 put=  155 inl=  155 SUCCESS    geom=INCONCLUSIVE cons=0.048px (0s)
  [B RD03-target m1335207975r->m1452560468lc] X r=128(run  64) B1  N=    3744 kp=   36 put=   15 inl=   15 SUCCESS    geom=INCONCLUSIVE cons=0.099px (0s)
  [B RD03-target m1335207975r->m1452560468lc] X r=320(run 160) B1  N=     570 kp=    3 put=    1 inl=    0 fail       geom=no transform cons=nanpx (0s)
  [B RD03-target m1335207975r] SELF r=  4 N= 3876147 inl=18228 shift_err=0.5906px
  [B RD03-target m1335207975r] SELF r=  8 N=  965790 inl= 5542 shift_err=0.0018px
  [B RD03-target m1335207975r] SELF r= 16 N=  239445 inl= 2305 shift_err=0.0022px
  [B RD03-target m1335207975r] SELF r= 32 N=   59055 inl=  939 shift_err=0.0029px
  [B RD03-target m1335207975r] SELF r= 64 N=   14364 inl=  126 shift_err=0.0043px
  [B RD03-target m1335207975r] SELF r=128 N=    3348 inl=   10 shift_err=0.0484px
  [B RD03-target m1335207975r] SELF r=320 N=     420 inl=    0 shift_err=nanpx
  [B RD04-target m1299958135l->m1271742202lc] D r=  4(run   4) B1  N= 3889152 kp=24045 put= 5128 inl= 4956 SUCCESS    geom=CONSISTENT W cons=1.088px (30s)
  [B RD04-target m1299958135l->m1271742202lc] D r=  8(run   8) B1  N=  972288 kp= 7452 put= 2095 inl= 2040 SUCCESS    geom=CONSISTENT W cons=0.513px (9s)
  [B RD04-target m1299958135l->m1271742202lc] D r=  8(run   8) B4L N=  972288 kp= 4096 put= 2581 inl= 2563 SUCCESS    geom=CONSISTENT W cons=0.552px (30s)
  [B RD04-target m1299958135l->m1271742202lc] D r= 16(run  16) B1  N=  242688 kp= 2463 put=  762 inl=  747 SUCCESS    geom=CONSISTENT W cons=0.247px (3s)
  [B RD04-target m1299958135l->m1271742202lc] D r= 16(run  16) B4L N=  242688 kp= 3542 put= 2575 inl= 2551 SUCCESS    geom=CONSISTENT W cons=0.257px (16s)
  [B RD04-target m1299958135l->m1271742202lc] D r= 32(run  32) B1  N=   60672 kp=  780 put=  278 inl=  275 SUCCESS    geom=CONSISTENT W cons=0.161px (1s)
  [B RD04-target m1299958135l->m1271742202lc] D r= 32(run  32) B4L N=   60672 kp=  860 put=  599 inl=  594 SUCCESS    geom=CONSISTENT W cons=0.126px (3s)
  [B RD04-target m1299958135l->m1271742202lc] D r= 64(run  64) B1  N=   15168 kp=  218 put=   98 inl=   96 SUCCESS    geom=CONSISTENT W cons=0.080px (0s)
  [B RD04-target m1299958135l->m1271742202lc] D r= 64(run  64) B4L N=   15168 kp=  205 put=  148 inl=  148 SUCCESS    geom=CONSISTENT W cons=0.189px (1s)
  [B RD04-target m1299958135l->m1271742202lc] D r=128(run 128) B1  N=    3744 kp=   65 put=   21 inl=   21 SUCCESS    geom=CONSISTENT W cons=0.195px (0s)
  [B RD04-target m1299958135l->m1271742202lc] D r=128(run 128) B4L N=    3744 kp=   54 put=   32 inl=   31 SUCCESS    geom=CONSISTENT W cons=0.330px (0s)
  [B RD04-target m1299958135l->m1271742202lc] D r=320(run 320) B1  N=     570 kp=    7 put=    2 inl=    0 fail       geom=no transform cons=nanpx (0s)
  [B RD04-target m1299958135l->m1271742202lc] D r=320(run 320) B4L N=     570 kp=    4 put=    3 inl=    3 fail       geom=INCONCLUSIVE cons=nanpx (0s)
  [B RD04-target m1299958135l->m1271742202lc] N r=  4(run   4) B1  N=15556608 kp=62922 put= 4992 inl= 4681 SUCCESS    geom=CONSISTENT W cons=1.145px (47s)
  [B RD04-target m1299958135l->m1271742202lc] N r=  8(run   8) B1  N=15556608 kp=62922 put= 2215 inl= 1982 SUCCESS    geom=CONSISTENT W cons=0.553px (18s)
  [B RD04-target m1299958135l->m1271742202lc] N r= 16(run  16) B1  N=15556608 kp=62922 put=  948 inl=  788 SUCCESS    geom=CONSISTENT W cons=0.298px (10s)
  [B RD04-target m1299958135l->m1271742202lc] N r= 32(run  32) B1  N=15556608 kp=62922 put=  397 inl=  277 SUCCESS    geom=CONSISTENT W cons=0.353px (7s)
  [B RD04-target m1299958135l->m1271742202lc] X r=  8(run   4) B1  N=  972288 kp= 8031 put= 1999 inl= 1947 SUCCESS    geom=CONSISTENT W cons=0.183px (8s)
  [B RD04-target m1299958135l->m1271742202lc] X r= 16(run   8) B1  N=  242688 kp= 2693 put=  882 inl=  863 SUCCESS    geom=CONSISTENT W cons=0.086px (3s)
  [B RD04-target m1299958135l->m1271742202lc] X r= 32(run  16) B1  N=   60672 kp=  924 put=  335 inl=  330 SUCCESS    geom=CONSISTENT W cons=0.094px (1s)
  [B RD04-target m1299958135l->m1271742202lc] X r= 64(run  32) B1  N=   15168 kp=  272 put=  105 inl=  105 SUCCESS    geom=CONSISTENT W cons=0.226px (0s)
  [B RD04-target m1299958135l->m1271742202lc] X r=128(run  64) B1  N=    3744 kp=   77 put=   36 inl=   36 SUCCESS    geom=CONSISTENT W cons=0.145px (0s)
  [B RD04-target m1299958135l->m1271742202lc] X r=320(run 160) B1  N=     570 kp=   10 put=    5 inl=    5 fail       geom=CONSISTENT W cons=nanpx (0s)
  [B RD04-target m1299958135l] SELF r=  4 N= 3876147 inl=22725 shift_err=0.3318px
  [B RD04-target m1299958135l] SELF r=  8 N=  965790 inl= 6985 shift_err=0.0021px
  [B RD04-target m1299958135l] SELF r= 16 N=  239445 inl= 2181 shift_err=0.0047px
  [B RD04-target m1299958135l] SELF r= 32 N=   59055 inl=  674 shift_err=0.0990px
  [B RD04-target m1299958135l] SELF r= 64 N=   14364 inl=  191 shift_err=0.0258px
  [B RD04-target m1299958135l] SELF r=128 N=    3348 inl=   42 shift_err=0.0373px
  [B RD04-target m1299958135l] SELF r=320 N=     420 inl=    0 shift_err=nanpx
  [B RD03-target L] r= 32 tmpl=[128, 64] search=[384, 158] off=9.58px tol=7.09 psr=9.23 ok
  [B RD03-target L] r= 64 tmpl=[64, 32] search=[192, 79] off=4.79px tol=3.90 psr=9.32 ok
  [B RD03-target L] r=128 tmpl=[32, 16] search=[96, 39] off=2.39px tol=1.95 psr=7.95 ok
  [B RD03-target L] r=320 tmpl=[12, 6] search=[38, 15] off=0.82px tol=1.50 psr=4.50 ok
  [B RD04-target L] r= 32 tmpl=[128, 64] search=[384, 158] off=1.95px tol=6.64 psr=5.57 LOCALISED
  [B RD04-target L] r= 64 tmpl=[64, 32] search=[192, 79] off=1.31px tol=3.53 psr=5.57 LOCALISED
  [B RD04-target L] r=128 tmpl=[32, 16] search=[96, 39] off=0.41px tol=1.75 psr=5.50 LOCALISED
  [B RD04-target L] r=320 tmpl=[12, 6] search=[38, 15] off=0.33px tol=1.50 psr=4.23 ok

S0 NOT MET | S1 NOT MET (envelope r=32) | S2 STARVATION (N*=2048) | S3 NOT MET | S4 MET (0.9772727272727273) | S5 NOT MET (loc r=None)
wrote D:\MyData\downloads\SIH\experiments\EXP-016\exp016_results.json in 11685s
EXIT=0
