D:\MyData\downloads\SIH\src\siim\preprocessing\degrade.py:76: RuntimeWarning: Mean of empty slice
  return np.nanmean(a.reshape(a.shape[0] // k, k, a.shape[1] // k, k), axis=(1, 3))
D:\MyData\downloads\SIH\scripts\run_exp007.py:117: RuntimeWarning: Mean of empty slice
  return np.nanmean(a.reshape(a.shape[0] // k, k, a.shape[1] // k, k), axis=(1, 3))
D:\softwares\Lib\site-packages\kornia\feature\integrated.py:550: UserWarning: To copy construct from a tensor, it is recommended to use sourceTensor.detach().clone() or sourceTensor.detach().clone().requires_grad_(True), rather than torch.tensor(sourceTensor).
  hw1_ = torch.tensor(hw1, device=dev)
D:\softwares\Lib\site-packages\kornia\feature\integrated.py:554: UserWarning: To copy construct from a tensor, it is recommended to use sourceTensor.detach().clone() or sourceTensor.detach().clone().requires_grad_(True), rather than torch.tensor(sourceTensor).
  hw2_ = torch.tensor(hw2, device=dev)
Traceback (most recent call last):
  File "D:\MyData\downloads\SIH\scripts\run_exp016.py", line 949, in <module>
    main()
    ~~~~^^
  File "D:\MyData\downloads\SIH\scripts\run_exp016.py", line 896, in main
    cells = run_cells(windows, rows, e7rows, pop_a, pop_b, rungs_d, rungs_n, rungs_x, rungs_l, rungs_b4l,
                      learned_ok)
  File "D:\MyData\downloads\SIH\scripts\run_exp016.py", line 674, in run_cells
    rec = register_oriented(ws, r, a, wd, r, b, engine="B4L")
  File "D:\MyData\downloads\SIH\scripts\run_exp016.py", line 250, in register_oriented
    res = register_pair(ra.image, rb.image, engine=engine, **BASE)
  File "D:\MyData\downloads\SIH\src\siim\pipeline\register.py", line 132, in register_pair
    base = run_baseline(engine, src, ref, model=model, ransac_threshold=ransac_threshold,
                        seed=seed, **engine_kwargs)
  File "D:\MyData\downloads\SIH\src\siim\baselines\engines.py", line 622, in run_baseline
    return _ENGINES[key](source, reference, **kwargs)
           ~~~~~~~~~~~~~^^^^^^^^^^^^^^^^^^^^^^^^^^^^^
  File "D:\MyData\downloads\SIH\src\siim\baselines\engines.py", line 586, in _run_learned
    return run_disk_lightglue_baseline(source, reference, **kwargs)
  File "D:\MyData\downloads\SIH\src\siim\baselines\learned.py", line 140, in run_disk_lightglue_baseline
    fa = detect_disk(src, max_keypoints=max_keypoints)
  File "D:\MyData\downloads\SIH\src\siim\baselines\learned.py", line 86, in detect_disk
    out = disk(t, n=max_keypoints, window_size=5, score_threshold=0.0,
          ~~~~^^^^^^^^^^^^^^^^^^^^^^^^^^^^^^^^^^^^^^^^^^^^^^^^^^^^^^^^
               pad_if_not_divisible=True)[0]
               ^^^^^^^^^^^^^^^^^^^^^^^^^^
  File "D:\softwares\Lib\site-packages\torch\nn\modules\module.py", line 1776, in _wrapped_call_impl
    return self._call_impl(*args, **kwargs)
           ~~~~~~~~~~~~~~~^^^^^^^^^^^^^^^^^
  File "D:\softwares\Lib\site-packages\torch\nn\modules\module.py", line 1787, in _call_impl
    return forward_call(*args, **kwargs)
  File "D:\softwares\Lib\site-packages\kornia\feature\disk\disk.py", line 115, in forward
    heatmaps, descriptors = self.heatmap_and_dense_descriptors(images)
                            ~~~~~~~~~~~~~~~~~~~~~~~~~~~~~~~~~~^^^^^^^^
  File "D:\softwares\Lib\site-packages\kornia\feature\disk\disk.py", line 74, in heatmap_and_dense_descriptors
    unet_output = self.unet(images)
  File "D:\softwares\Lib\site-packages\torch\nn\modules\module.py", line 1776, in _wrapped_call_impl
    return self._call_impl(*args, **kwargs)
           ~~~~~~~~~~~~~~~^^^^^^^^^^^^^^^^^
  File "D:\softwares\Lib\site-packages\torch\nn\modules\module.py", line 1787, in _call_impl
    return forward_call(*args, **kwargs)
  File "D:\softwares\Lib\site-packages\kornia\feature\disk\_unets\unet.py", line 77, in forward
    features.append(layer(features[-1]))
                    ~~~~~^^^^^^^^^^^^^^
  File "D:\softwares\Lib\site-packages\torch\nn\modules\module.py", line 1776, in _wrapped_call_impl
    return self._call_impl(*args, **kwargs)
           ~~~~~~~~~~~~~~~^^^^^^^^^^^^^^^^^
  File "D:\softwares\Lib\site-packages\torch\nn\modules\module.py", line 1787, in _call_impl
    return forward_call(*args, **kwargs)
  File "D:\softwares\Lib\site-packages\torch\nn\modules\container.py", line 253, in forward
    input = module(input)
  File "D:\softwares\Lib\site-packages\torch\nn\modules\module.py", line 1776, in _wrapped_call_impl
    return self._call_impl(*args, **kwargs)
           ~~~~~~~~~~~~~~~^^^^^^^^^^^^^^^^^
  File "D:\softwares\Lib\site-packages\torch\nn\modules\module.py", line 1787, in _call_impl
    return forward_call(*args, **kwargs)
  File "D:\softwares\Lib\site-packages\torch\nn\modules\container.py", line 253, in forward
    input = module(input)
  File "D:\softwares\Lib\site-packages\torch\nn\modules\module.py", line 1776, in _wrapped_call_impl
    return self._call_impl(*args, **kwargs)
           ~~~~~~~~~~~~~~~^^^^^^^^^^^^^^^^^
  File "D:\softwares\Lib\site-packages\torch\nn\modules\module.py", line 1787, in _call_impl
    return forward_call(*args, **kwargs)
  File "D:\softwares\Lib\site-packages\torch\nn\modules\instancenorm.py", line 125, in forward
    return self._apply_instance_norm(input)
           ~~~~~~~~~~~~~~~~~~~~~~~~~^^^^^^^
  File "D:\softwares\Lib\site-packages\torch\nn\modules\instancenorm.py", line 47, in _apply_instance_norm
    return F.instance_norm(
           ~~~~~~~~~~~~~~~^
        input,
        ^^^^^^
    ...<6 lines>...
        self.eps,
        ^^^^^^^^^
    )
    ^
  File "D:\softwares\Lib\site-packages\torch\nn\functional.py", line 2900, in instance_norm
    _verify_spatial_size(input.size())
    ~~~~~~~~~~~~~~~~~~~~^^^^^^^^^^^^^^
  File "D:\softwares\Lib\site-packages\torch\nn\functional.py", line 2865, in _verify_spatial_size
    raise ValueError(
        f"Expected more than 1 spatial element when training, got input size {size}"
    )
ValueError: Expected more than 1 spatial element when training, got input size torch.Size([1, 64, 1, 1])
