sigma_N = median(fit_rmse of 39 rows)/sqrt(2) = 0.7202 px (EXP-022 recorded 0.7202; within 0.0001: True)
22 distinct edges read from EXP-012
D:\MyData\downloads\SIH\scripts\run_exp007.py:117: RuntimeWarning: Mean of empty slice
  return np.nanmean(a.reshape(a.shape[0] // k, k, a.shape[1] // k, k), axis=(1, 3))
  S0 [0] RD03 nac.m1182331886lc -> nac.m1199981485rc: 190 inliers (recorded 190), occupancy 0.671875 [3.83s]
  S0 [1] RD03 nac.m1182331886lc -> nac.m1212932972lc: 5437 inliers (recorded 5437), occupancy 1.000000 [2.88s]
  S0 [2] RD03 nac.m1271742202lc -> nac.m1182331886lc: 1656 inliers (recorded 1656), occupancy 1.000000 [2.85s]
  S0 [3] RD03 nac.m1182331886lc -> nac.m1335207975rc: 68 inliers (recorded 68), occupancy 0.437500 [3.23s]
  S0 [4] RD03 nac.m1212932972lc -> nac.m1199981485rc: 293 inliers (recorded 293), occupancy 0.687500 [2.64s]
  S0 [5] RD03 nac.m1271742202lc -> nac.m1212932972lc: 1406 inliers (recorded 1406), occupancy 1.000000 [2.21s]
  S0 [6] RD03 nac.m1212932972lc -> nac.m1335207975rc: 144 inliers (recorded 144), occupancy 0.796875 [2.68s]
  S0 [7] RD03 nac.m1212932972lc -> nac.m1452560468lc: 143 inliers (recorded 143), occupancy 0.593750 [2.76s]
  S0 [8] RD03 nac.m1452560468lc -> nac.m1335207975rc: 5392 inliers (recorded 5392), occupancy 0.937500 [3.0s]
  S0 [9] RD04 nac.m1271742202lc -> nac.m1212932972lc: 1679 inliers (recorded 1679), occupancy 1.000000 [3.3s]
  S0 [10] RD04 nac.m1299958135lc -> nac.m1212932972lc: 272 inliers (recorded 272), occupancy 0.937500 [3.39s]
  S0 [11] RD04 nac.m1315225542lc -> nac.m1212932972lc: 284 inliers (recorded 284), occupancy 0.937500 [2.76s]
  S0 [12] RD04 nac.m1212932972lc -> nac.m1335207975rc: 210 inliers (recorded 210), occupancy 0.625000 [3.43s]
  S0 [13] RD04 nac.m1212932972lc -> nac.m1363396554rc: 2597 inliers (recorded 2597), occupancy 0.796875 [2.08s]
  S0 [14] RD04 nac.m1299958135lc -> nac.m1271742202lc: 1608 inliers (recorded 1608), occupancy 1.000000 [2.87s]
  S0 [15] RD04 nac.m1315225542lc -> nac.m1271742202lc: 2138 inliers (recorded 2138), occupancy 1.000000 [2.43s]
  S0 [16] RD04 nac.m1271742202lc -> nac.m1335207975rc: 9 inliers (recorded 9), occupancy 0.078125 [3.34s]
  S0 [17] RD04 nac.m1271742202lc -> nac.m1341069775rc: 47 inliers (recorded 47), occupancy 0.453125 [3.4s]
  S0 [18] RD04 nac.m1299958135lc -> nac.m1315225542lc: 2726 inliers (recorded 2726), occupancy 0.765625 [2.75s]
  S0 [19] RD04 nac.m1299958135lc -> nac.m1341069775rc: 265 inliers (recorded 265), occupancy 0.843750 [3.66s]
  S0 [20] RD04 nac.m1299958135lc -> nac.m1363396554rc: 28 inliers (recorded 28), occupancy 0.281250 [1.86s]
  S0 [21] RD04 nac.m1315225542lc -> nac.m1341069775rc: 108 inliers (recorded 108), occupancy 0.703125 [2.72s]
  BOUND nac.m1182331886lc -> nac.m1199981485rc (n=190): own 0.507 px, shrunk 3.765 px -> within
  BOUND nac.m1182331886lc -> nac.m1212932972lc (n=5437): own 0.074 px, shrunk 0.523 px -> within
  BOUND nac.m1271742202lc -> nac.m1182331886lc (n=1656): own 0.129 px, shrunk 0.942 px -> within
  BOUND nac.m1182331886lc -> nac.m1335207975rc (n=68): own 0.830 px, shrunk 6.341 px -> within
  BOUND nac.m1212932972lc -> nac.m1199981485rc (n=293): own 0.399 px, shrunk 2.943 px -> within
  BOUND nac.m1271742202lc -> nac.m1212932972lc (n=1406): own 0.138 px, shrunk 0.921 px -> within
  BOUND nac.m1212932972lc -> nac.m1335207975rc (n=144): own 0.512 px, shrunk 3.913 px -> within
  BOUND nac.m1212932972lc -> nac.m1452560468lc (n=143): own 0.545 px, shrunk 4.661 px -> within
  BOUND nac.m1452560468lc -> nac.m1335207975rc (n=5392): own 0.074 px, shrunk 0.561 px -> within
  BOUND nac.m1271742202lc -> nac.m1212932972lc (n=1679): own 0.121 px, shrunk 0.876 px -> within
  BOUND nac.m1299958135lc -> nac.m1212932972lc (n=272): own 0.303 px, shrunk 2.112 px -> within
  BOUND nac.m1315225542lc -> nac.m1212932972lc (n=284): own 0.302 px, shrunk 2.043 px -> within
  BOUND nac.m1212932972lc -> nac.m1335207975rc (n=210): own 0.534 px, shrunk 3.969 px -> within
  BOUND nac.m1212932972lc -> nac.m1363396554rc (n=2597): own 0.124 px, shrunk 0.930 px -> within
  BOUND nac.m1299958135lc -> nac.m1271742202lc (n=1608): own 0.143 px, shrunk 0.980 px -> within
  BOUND nac.m1315225542lc -> nac.m1271742202lc (n=2138): own 0.116 px, shrunk 0.828 px -> within
  BOUND nac.m1271742202lc -> nac.m1335207975rc (n=9): own 5.425 px, shrunk 42.956 px -> OVER
  BOUND nac.m1271742202lc -> nac.m1341069775rc (n=47): own 0.874 px, shrunk 6.491 px -> within
  BOUND nac.m1299958135lc -> nac.m1315225542lc (n=2726): own 0.128 px, shrunk 0.998 px -> within
  BOUND nac.m1299958135lc -> nac.m1341069775rc (n=265): own 0.381 px, shrunk 2.987 px -> within
  BOUND nac.m1299958135lc -> nac.m1363396554rc (n=28): own 1.590 px, shrunk 12.223 px -> OVER
  BOUND nac.m1315225542lc -> nac.m1341069775rc (n=108): own 0.498 px, shrunk 3.821 px -> within

S0 MET | S1 NOT MET (2 over) | S2 MET | S3 recorded | S4 MET (22/22) | triplets clear 11/13 | 81.9s -> experiments\EXP-024\exp024_results.json
