........................................................................ [  6%]
........................................................................ [ 13%]
........................................................................ [ 20%]
........................................................................ [ 27%]
........................................................................ [ 33%]
........................................................................ [ 40%]
...ss................................................................... [ 47%]
........................................................................ [ 54%]
........................................................................ [ 60%]
........................................................................ [ 67%]
.....................................................s.................. [ 74%]
........................................................................ [ 81%]
........................................................................ [ 87%]
........................................................................ [ 94%]
.........................................................                [100%]
============================== warnings summary ===============================
tests/test_degrade.py::test_nan_does_not_leak_or_bias
  D:\MyData\downloads\SIH\src\siim\preprocessing\degrade.py:76: RuntimeWarning: Mean of empty slice
    return np.nanmean(a.reshape(a.shape[0] // k, k, a.shape[1] // k, k), axis=(1, 3))

tests/test_exp007_modules.py::test_b4l_recovers_a_known_shift_on_terrain
tests/test_xfeat_engine.py::test_two_learned_engines_agree_on_an_easy_pair
  D:\softwares\Lib\site-packages\kornia\feature\integrated.py:550: UserWarning: To copy construct from a tensor, it is recommended to use sourceTensor.detach().clone() or sourceTensor.detach().clone().requires_grad_(True), rather than torch.tensor(sourceTensor).
    hw1_ = torch.tensor(hw1, device=dev)

tests/test_exp007_modules.py::test_b4l_recovers_a_known_shift_on_terrain
tests/test_xfeat_engine.py::test_two_learned_engines_agree_on_an_easy_pair
  D:\softwares\Lib\site-packages\kornia\feature\integrated.py:554: UserWarning: To copy construct from a tensor, it is recommended to use sourceTensor.detach().clone() or sourceTensor.detach().clone().requires_grad_(True), rather than torch.tensor(sourceTensor).
    hw2_ = torch.tensor(hw2, device=dev)

-- Docs: https://docs.pytest.org/en/stable/how-to/capture-warnings.html
1062 passed, 3 skipped, 5 warnings in 185.91s (0:03:05)
EXIT=0
